Archive member included because of file (symbol)

/cygdrive/c/TWESDK/Wks_ToCoNet/App_Uart/../../Wks_libToCoNet/libToCoNet/lib/libToCoNet_JN5164.a(ToCoNet_event.o)
                              objs_JN5164/Master.o (_PRSEV_u8Register)
/cygdrive/c/TWESDK/Wks_ToCoNet/App_Uart/../../Wks_libToCoNet/libToCoNet/lib/libToCoNet_JN5164.a(ToCoNet_main.o)
                              objs_JN5164/Master.o (_ToCoNet_vDebugInit)
/cygdrive/c/TWESDK/Wks_ToCoNet/App_Uart/../../Wks_libToCoNet/libToCoNet/lib/libToCoNet_JN5164.a(ToCoNet_utils.o)
                              objs_JN5164/Master.o (_ToCoNet_u32GetVersion)
/cygdrive/c/TWESDK/Wks_ToCoNet/App_Uart/../../Wks_libToCoNet/libToCoNet/lib/libToCoNet_JN5164.a(ToCoNet_mod_Tx.o)
                              objs_JN5164/Master.o (_ToCoNet_vReg_mod_Tx_Standard)
/cygdrive/c/TWESDK/Wks_ToCoNet/App_Uart/../../Wks_libToCoNet/libToCoNet/lib/libToCoNet_JN5164.a(ToCoNet_mod_NbScan.o)
                              objs_JN5164/Master.o (_ToCoNet_vReg_mod_NbScan)
/cygdrive/c/TWESDK/Wks_ToCoNet/App_Uart/../../Wks_libToCoNet/libToCoNet/lib/libToCoNet_JN5164.a(ToCoNet_mod_NbScan_Slave.o)
                              objs_JN5164/Master.o (_ToCoNet_vReg_mod_NbScan_Slave)
/cygdrive/c/TWESDK/Wks_ToCoNet/App_Uart/../../Wks_libToCoNet/libToCoNet/lib/libToCoNet_JN5164.a(ToCoNet_mod_TxRxQueue.o)
                              objs_JN5164/Master.o (_ToCoNet_vReg_mod_TxRxQueueBig)
/cygdrive/c/TWESDK/Wks_ToCoNet/App_Uart/../../Wks_libToCoNet/libToCoNet/lib/libToCoNet_JN5164.a(ToCoNet_mod_Nwk_Common.o)
                              /cygdrive/c/TWESDK/Wks_ToCoNet/App_Uart/../../Wks_libToCoNet/libToCoNet/lib/libToCoNet_JN5164.a(ToCoNet_main.o) (_ToCoNet_vRxProc_App)
/cygdrive/c/TWESDK/Wks_ToCoNet/App_Uart/../../Wks_libToCoNet/libToCoNet/lib/libToCoNet_JN5164.a(ToCoNet_mod_Nwk_LayerTree.o)
                              objs_JN5164/Master.o (_ToCoNet_NwkLyTr_psConfig)
/cygdrive/c/TWESDK/Wks_ToCoNet/App_Uart/../../Wks_libToCoNet/libToCoNet/lib/libToCoNet_JN5164.a(ToCoNet_mod_Channel_Mgr.o)
                              /cygdrive/c/TWESDK/Wks_ToCoNet/App_Uart/../../Wks_libToCoNet/libToCoNet/lib/libToCoNet_JN5164.a(ToCoNet_main.o) (_ToCoNet_ChMgr_bCh_Reconfig)
/cygdrive/c/TWESDK/Wks_ToCoNet/App_Uart/../../Wks_libToCoNet/libToCoNet/lib/libToCoNet_JN5164.a(ToCoNet_mod_DuplicateChecker.o)
                              objs_JN5164/Master.o (_ToCoNet_DupChk_vClean)
/cygdrive/c/TWESDK/Wks_ToCoNet/App_Uart/../../Wks_libToCoNet/libToCoNet/lib/libToCoNet_JN5164.a(Version.o)
                              /cygdrive/c/TWESDK/Wks_ToCoNet/App_Uart/../../Wks_libToCoNet/libToCoNet/lib/libToCoNet_JN5164.a(ToCoNet_utils.o) (_au8ToCoNetVersionInfo)
/cygdrive/c/TWESDK/Wks_ToCoNet/App_Uart/../../Wks_libToCoNet/libToCoNet/lib/libToCoNet_JN5164.a(AppQueueApi_ToCoNet.o)
                              /cygdrive/c/TWESDK/Wks_ToCoNet/App_Uart/../../Wks_libToCoNet/libToCoNet/lib/libToCoNet_JN5164.a(ToCoNet_main.o) (_psAppQApiReadHwIndT)
/cygdrive/c/TWESDK/Wks_ToCoNet/App_Uart/../../Wks_libToCoNet/libToCoNet/lib/libToCoNetExt_JN5164.a(AppStart.o)
                              /cygdrive/c/TWESDK/Wks_ToCoNet/App_Uart/../../Wks_libToCoNet/libToCoNet/lib/libToCoNet_JN5164.a(ToCoNet_mod_Channel_Mgr.o) (__ToCoNet_bRfChChannel)
/cygdrive/c/TWESDK/Wks_ToCoNet/App_Uart/../../Wks_libToCoNet/libToCoNet/lib/libToCoNetExt_JN5164.a(getMacAddr.o)
                              /cygdrive/c/TWESDK/Wks_ToCoNet/App_Uart/../../Wks_libToCoNet/libToCoNet/lib/libToCoNet_JN5164.a(ToCoNet_main.o) (_ToCoNet_u32GetSerialOnBoot)
/cygdrive/c/TWESDK/Wks_ToCoNet/App_Uart/../../Wks_libToCoNet/libToCoNet/lib/libToCoNetExt_JN5164.a(mac.o)
                              /cygdrive/c/TWESDK/Wks_ToCoNet/App_Uart/../../Wks_libToCoNet/libToCoNet/lib/libToCoNet_JN5164.a(ToCoNet_main.o) (_Mac_bRxQueueReg)
/cygdrive/c/TWESDK/Wks_ToCoNet/App_Uart/../../Wks_libToCoNet/libToCoNet/lib/libToCoNetExt_JN5164.a(AES_CCM.o)
                              /cygdrive/c/TWESDK/Wks_ToCoNet/App_Uart/../../Wks_libToCoNet/libToCoNet/lib/libToCoNetExt_JN5164.a(mac.o) (_bAES_CCM_Encode)
/cygdrive/c/TWESDK/Wks_ToCoNet/App_Uart/../../Wks_libToCoNet/libToCoNet/lib/libToCoNetExt_JN5164.a(eeprom_6x.o)
                              objs_JN5164/flash.o (_EEP_6x_bRead)
/cygdrive/c/TWESDK/Wks_ToCoNet/App_Uart/../../Wks_libToCoNet/libToCoNet/lib/libToCoNetExt_JN5164.a(no_ack_handler.o)
                              /cygdrive/c/TWESDK/Wks_ToCoNet/App_Uart/../../Wks_libToCoNet/libToCoNet/lib/libToCoNetExt_JN5164.a(AppStart.o) (_vInstallNoAckHandler)
/cygdrive/c/TWESDK/Wks_ToCoNet/App_Uart/../../Wks_libToCoNet/libToCoNet/lib/libToCoNetExt_JN5164.a(Version.o)
                              /cygdrive/c/TWESDK/Wks_ToCoNet/App_Uart/../../Wks_libToCoNet/libToCoNet/lib/libToCoNet_JN5164.a(ToCoNet_utils.o) (_au8ToCoNetExtVersionInfo)
/cygdrive/c/TWESDK/Wks_ToCoNet/App_Uart/../../Wks_libToCoNet/libToCoNet/lib/libToCoNetExt_JN5164.a(AHI_FlashIndexSector.o)
[...]
Memory Configuration

Name             Origin             Length             Attributes
flash            0x00080000         0x00028000
ram              0x0400004c         0x00007fb4
*default*        0x00000000         0xffffffff

Linker script and memory map

LOAD objs_JN5164/Master.o
LOAD objs_JN5164/cmd_config.o
LOAD objs_JN5164/cmd_misc.o
LOAD objs_JN5164/Interactive.o
LOAD objs_JN5164/common.o
LOAD objs_JN5164/flash.o
LOAD objs_JN5164/sercmd_plus3.o
LOAD objs_JN5164/sercmd_ascii.o
LOAD objs_JN5164/sercmd_binary.o
LOAD objs_JN5164/sercmd_chat.o
LOAD objs_JN5164/sercmd_timeout.o
LOAD objs_JN5164/input_string.o
LOAD objs_JN5164/duplicate_checker.o
LOAD /cygdrive/c/TWESDK/Wks_ToCoNet/App_Uart/../../Wks_libToCoNet/libToCoNet/lib/libToCoNet_JN5164.a
LOAD /cygdrive/c/TWESDK/Wks_ToCoNet/App_Uart/../../Wks_libToCoNet/libToCoNet/lib/libToCoNetExt_JN5164.a
LOAD /cygdrive/c/TWESDK/Wks_ToCoNet/App_Uart/../../Wks_libToCoNet/libToCoNet/lib/libToCoNetUtils_JN5164.a
START GROUP
LOAD /cygdrive/c/TWESDK/516x/Components/Library/libAppApi_JN516x.a
LOAD /cygdrive/c/TWESDK/516x/Components/Library/libMac_JN516x.a
LOAD /cygdrive/c/TWESDK/516x/Components/Library/libTof_JN516x.a
LOAD /cygdrive/c/TWESDK/516x/Components/Library/libXcv_JN516x.a
LOAD /cygdrive/c/TWESDK/516x/Components/Library/libAES_CCM_SW_PATCH_JN516x.a
LOAD /cygdrive/c/TWESDK/516x/Components/Library/libAes_JN516x.a
LOAD /cygdrive/c/TWESDK/516x/Components/Library/libTimerServer_JN516x.a
LOAD /cygdrive/c/TWESDK/516x/Components/Library/libHardwareApi_JN516x.a
LOAD /cygdrive/c/TWESDK/516x/Components/Library/libMicroSpecific_JN516x.a
LOAD /cygdrive/c/TWESDK/516x/Components/Library/libBoot_JN516x.a
LOAD /cygdrive/c/TWESDK/516x/Components/Library/libMaths_JN516x.a
LOAD /cygdrive/c/TWESDK/Wks_ToCoNet/App_Uart/../../Wks_libToCoNet/libToCoNet/lib/libToCoNet_JN5164.a
LOAD /cygdrive/c/TWESDK/Wks_ToCoNet/App_Uart/../../Wks_libToCoNet/libToCoNet/lib/libToCoNetExt_JN5164.a
LOAD /cygdrive/c/TWESDK/Wks_ToCoNet/App_Uart/../../Wks_libToCoNet/libToCoNet/lib/libToCoNetUtils_JN5164.a
END GROUP
LOAD /cygdrive/c/TWESDK/Tools/ba-elf-ba2/bin/../lib/gcc/ba-elf/4.1.2/ba2/libgcc.a
LOAD /cygdrive/c/TWESDK/Tools/ba-elf-ba2/bin/../lib/gcc/ba-elf/4.1.2/../../../../ba-elf/lib/ba2/libc.a
LOAD /cygdrive/c/TWESDK/Tools/ba-elf-ba2/bin/../lib/gcc/ba-elf/4.1.2/ba2/libgcc.a
                0x00001000                _stack_size = 0x1000
                0x00080038                __exception_vsr_table = 0x80038
                0x04000000                _pSPIflashFncTable = 0x4000000
                0x00001000                _stack_size = 0x1000
                0x00000044                restore_state = 0x44
                0x0000004a                _bZSPIWaitWIPClear = 0x4a
                0x00000050                _u16ZSPIflashRDID = 0x50
                0x00000056                _u8SelectFlashChipType = 0x56
                0x0000005c                _memcpy = 0x5c
                0x00000066                _vBootFlashProg = 0x66
                [0x00000d16]                _minimum_heap_size = DEFINED (_minimum_heap_size)?_minimum_heap_size:0xd16
                0x00000000                _SwConfig = (DEFINED (g_bSWConf_Debug) | (DEFINED (g_bSWConf_AltDebugPort) << 0x1))

.version        0x0007fffc        0x4
                0x0007fffc        0x4 LONG 0x4030008

.bir            0x00080000       0x10
                0x00080000                _flash_start = <code 342> (.)
                0x00080000                _flash_beg = <code 342> (.)
                0x00080000        0x4 LONG 0x12345678
                0x00080004        0x4 LONG 0x11223344
                0x00080008        0x4 LONG 0x55667788
                0x0008000c        0x1 BYTE 0x8
                0x0008000d        0x1 BYTE 0x1
                0x0008000e        0x2 SHORT 0x0

.flashheader    0x00080010       0x28
                0x00080010        0x4 LONG 0x0
                0x00080014        0x4 LONG 0x0
                0x00080018        0x4 LONG 0x0
                0x0008001c        0x2 SHORT 0x0
                0x0008001e        0x2 SHORT 0x0 <code 342> (_SwConfig)
                0x00080020                _enc_start = <code 342> (.)
                0x00080020        0x4 LONG 0x14174 <code 342> (_image_len)
                0x00000000                _enc_offset = (_enc_start & 0xf)
                [0x00000020]                _enc_start = (_enc_start - _flash_beg)
                0x00080024        0x4 LONG 0x94144 <code 342> (_flash_data_start)
                0x00080028        0x2 SHORT 0x13 ((<code 342> (_ram_data_start) / 0x4) & 0xffff)
                0x0008002a        0x2 SHORT 0xc ((<code 342> (_ram_data_len) / 0x4) & 0xffff)
                0x0008002c        0x2 SHORT 0x1f ((<code 342> (_bss_start) / 0x4) & 0xffff)
                0x0008002e        0x2 SHORT 0x1622 ((<code 342> (_bss_len) / 0x4) & 0xffff)
                0x00080030        0x4 LONG 0x89f49 <code 342> (_AppWarmStart)
                0x00080034        0x4 LONG 0x8a0f5 <code 342> (_AppColdStart)
                0x00000044                PROVIDE (_vException_BusError, restore_state)
                0x00000044                PROVIDE (_vException_UnalignedAccess, restore_state)
                0x00000044                PROVIDE (_vException_IllegalInstruction, restore_state)
                0x00000044                PROVIDE (_vException_SysCall, restore_state)
                0x00000044                PROVIDE (_vException_Trap, restore_state)
                0x00000044                PROVIDE (_vException_StackOverflow, restore_state)
                0x00080038                . = <code 342> (__exception_vsr_table)

.vsr_table      0x00080038       0x18
                0x00080038        0x4 LONG 0x44 <code 342> (_vException_BusError)
                0x0008003c        0x4 LONG 0x44 <code 342> (_vException_UnalignedAccess)
                0x00080040        0x4 LONG 0x44 <code 342> (_vException_IllegalInstruction)
                0x00080044        0x4 LONG 0x44 <code 342> (_vException_SysCall)
                0x00080048        0x4 LONG 0x44 <code 342> (_vException_Trap)
                0x0008004c        0x4 LONG 0x44 <code 342> (_vException_StackOverflow)

.vsr_handlers   0x00080050       0xab
 *(.vsr_handlers)
 .vsr_handlers  0x00080050       0xab /cygdrive/c/TWESDK/516x/Components/Library/libBoot_JN516x.a(ExceptionHandler.o)
                0x00080050                __exception_external_interrupt
                0x000800f9                __default_vsr_dummy

.rodata         0x000800fc     0x1055
 *(.rodata*)
 .rodata.str1.1
                0x000800fc      0x2d6 objs_JN5164/Master.o
                                0x2e7 (size before relaxing)
 .rodata.au8UartModeToTxCmdId
                0x000803d2        0x5 objs_JN5164/Master.o
                0x000803d2                _au8UartModeToTxCmdId
 .rodata.str1.1
                0x000803d7      0x871 objs_JN5164/Interactive.o
                                0x8b6 (size before relaxing)
 .rodata.au8name.5185
                0x00080c48        0x5 objs_JN5164/Interactive.o
 .rodata.au8name_stop.4819
                0x00080c4d        0x2 objs_JN5164/Interactive.o
 .rodata.au8name_parity.4818
                0x00080c4f        0x3 objs_JN5164/Interactive.o
 .rodata.au8name_bit.4817
                0x00080c52        0x2 objs_JN5164/Interactive.o
 .rodata.au8PortTbl_DIn
                0x00080c54        0x4 objs_JN5164/common.o
                0x00080c54                _au8PortTbl_DIn
 .rodata.au8IoModeTbl_To_LogicalID
                0x00080c58        0x8 objs_JN5164/common.o
                0x00080c58                _au8IoModeTbl_To_LogicalID
 .rodata.au8tbl.2215
                0x00080c60       0x11 objs_JN5164/sercmd_ascii.o
 .rodata.u8tbl.2158
                0x00080c71       0x17 objs_JN5164/sercmd_ascii.o
 .rodata.str1.1
                0x00080c88       0x11 /cygdrive/c/TWESDK/Wks_ToCoNet/App_Uart/../../Wks_libToCoNet/libToCoNet/lib/libToCoNet_JN5164.a(ToCoNet_mod_Tx.o)
 *fill*         0x00080c99        0x3 00
 .rodata.asStateFuncTbl
                0x00080c9c       0x38 /cygdrive/c/TWESDK/Wks_ToCoNet/App_Uart/../../Wks_libToCoNet/libToCoNet/lib/libToCoNet_JN5164.a(ToCoNet_mod_Tx.o)
 .rodata.asStateFuncTbl
                0x00080cd4       0x30 /cygdrive/c/TWESDK/Wks_ToCoNet/App_Uart/../../Wks_libToCoNet/libToCoNet/lib/libToCoNet_JN5164.a(ToCoNet_mod_NbScan.o)
 .rodata.str1.1
                0x00080d04       0x47 /cygdrive/c/TWESDK/Wks_ToCoNet/App_Uart/../../Wks_libToCoNet/libToCoNet/lib/libToCoNet_JN5164.a(ToCoNet_mod_Nwk_LayerTree.o)
 *fill*         0x00080d4b        0x1 00
 .rodata.asStateFuncTbl.4920
                0x00080d4c       0x38 /cygdrive/c/TWESDK/Wks_ToCoNet/App_Uart/../../Wks_libToCoNet/libToCoNet/lib/libToCoNet_JN5164.a(ToCoNet_mod_Nwk_LayerTree.o)
 .rodata.asStateFuncTbl.4371
                0x00080d84       0x18 /cygdrive/c/TWESDK/Wks_ToCoNet/App_Uart/../../Wks_libToCoNet/libToCoNet/lib/libToCoNet_JN5164.a(ToCoNet_mod_Channel_Mgr.o)
 .rodata.au8ToCoNetVersionInfo
                0x00080d9c        0xc /cygdrive/c/TWESDK/Wks_ToCoNet/App_Uart/../../Wks_libToCoNet/libToCoNet/lib/libToCoNet_JN5164.a(Version.o)
                0x00080d9c                _au8ToCoNetVersionInfo
 .rodata.str1.1
                0x00080da8       0x11 /cygdrive/c/TWESDK/Wks_ToCoNet/App_Uart/../../Wks_libToCoNet/libToCoNet/lib/libToCoNetExt_JN5164.a(AppStart.o)
 .rodata        0x00080db9       0x11 /cygdrive/c/TWESDK/Wks_ToCoNet/App_Uart/../../Wks_libToCoNet/libToCoNet/lib/libToCoNetExt_JN5164.a(AppStart.o)
 .rodata.au8k.5340
                0x00080dca       0x20 /cygdrive/c/TWESDK/Wks_ToCoNet/App_Uart/../../Wks_libToCoNet/libToCoNet/lib/libToCoNetExt_JN5164.a(AppStart.o)
 .rodata.au8k.5378
                0x00080dea       0x20 /cygdrive/c/TWESDK/Wks_ToCoNet/App_Uart/../../Wks_libToCoNet/libToCoNet/lib/libToCoNetExt_JN5164.a(AppStart.o)
 .rodata.str1.1
                0x00080e0a       0x11 /cygdrive/c/TWESDK/Wks_ToCoNet/App_Uart/../../Wks_libToCoNet/libToCoNet/lib/libToCoNetExt_JN5164.a(mac.o)
 *fill*         0x00080e1b        0x1 00
 .rodata.u32MacHigh_TOCOS
                0x00080e1c        0x4 /cygdrive/c/TWESDK/Wks_ToCoNet/App_Uart/../../Wks_libToCoNet/libToCoNet/lib/libToCoNetExt_JN5164.a(mac.o)
                0x00080e1c                _u32MacHigh_TOCOS
 .rodata.u32MacLow_TOCOS
                0x00080e20        0x4 /cygdrive/c/TWESDK/Wks_ToCoNet/App_Uart/../../Wks_libToCoNet/libToCoNet/lib/libToCoNetExt_JN5164.a(mac.o)
                0x00080e20                _u32MacLow_TOCOS
 .rodata.au8SpeedCodeToEepromClkDivisors
                0x00080e24        0x8 /cygdrive/c/TWESDK/Wks_ToCoNet/App_Uart/../../Wks_libToCoNet/libToCoNet/lib/libToCoNetExt_JN5164.a(PDM_EEPROM.o)
 .rodata.u8CRCTable
                0x00080e2c      0x100 /cygdrive/c/TWESDK/Wks_ToCoNet/App_Uart/../../Wks_libToCoNet/libToCoNet/lib/libToCoNetUtils_JN5164.a(ccitt8.o)
 .rodata.str1.1
                0x00080f2c        0x7 /cygdrive/c/TWESDK/Wks_ToCoNet/App_Uart/../../Wks_libToCoNet/libToCoNet/lib/libToCoNetUtils_JN5164.a(fprintf.o)
 *fill*         0x00080f33        0x1 00
 .rodata.s_sPibInit
                0x00080f34       0x18 /cygdrive/c/TWESDK/516x/Components/Library/libMac_JN516x.a(mac_pib_mlme.o)
 .rodata.aeXcvPhyEvtToScanEvt.4240
                0x00080f4c       0x18 /cygdrive/c/TWESDK/516x/Components/Library/libMac_JN516x.a(mac_scan.o)
 .rodata.aeXcvBbcEvtToScanEvt.4230
                0x00080f64        0xa /cygdrive/c/TWESDK/516x/Components/Library/libMac_JN516x.a(mac_scan.o)
 .rodata.s_atScanEvtST
                0x00080f6e       0x31 /cygdrive/c/TWESDK/516x/Components/Library/libMac_JN516x.a(mac_scan.o)
 *fill*         0x00080f9f        0x1 00
 .rodata.s_aprScanHandleEvt
                0x00080fa0       0x30 /cygdrive/c/TWESDK/516x/Components/Library/libMac_JN516x.a(mac_scan.o)
 .rodata.psTAMcontext
                0x00080fd0        0x4 /cygdrive/c/TWESDK/516x/Components/Library/libMac_JN516x.a(TAM.o)
                0x00080fd0                _psTAMcontext
 .rodata.psTamMacContext
                0x00080fd4        0x4 /cygdrive/c/TWESDK/516x/Components/Library/libMac_JN516x.a(TAM.o)
                0x00080fd4                _psTamMacContext
 .rodata.psTamXcvContext
                0x00080fd8        0x4 /cygdrive/c/TWESDK/516x/Components/Library/libMac_JN516x.a(TAM.o)
                0x00080fd8                _psTamXcvContext
 .rodata.au8XcvToTAMevent.4757
                0x00080fdc        0xa /cygdrive/c/TWESDK/516x/Components/Library/libMac_JN516x.a(TAM.o)
 .rodata.au8HeaderSize.4215
                0x00080fe6        0xe /cygdrive/c/TWESDK/516x/Components/Library/libMac_JN516x.a(TAMcommon.o)
 .rodata.apvActionCalls
                0x00080ff4       0x88 /cygdrive/c/TWESDK/516x/Components/Library/libMac_JN516x.a(TAMevent.o)
                0x00080ff4                _apvActionCalls
 .rodata.au8StateActions
                0x0008107c       0x8c /cygdrive/c/TWESDK/516x/Components/Library/libMac_JN516x.a(TAMevent.o)
                0x0008107c                _au8StateActions
 .rodata.au8SizeInc.4433
                0x00081108        0x9 /cygdrive/c/TWESDK/516x/Components/Library/libMac_JN516x.a(TAMsecurity.o)
 .rodata.au8MICLenLUT.3714
                0x00081111        0x4 /cygdrive/c/TWESDK/516x/Components/Library/libMac_JN516x.a(TAMsecurity.o)
 .rodata.au8FlashWaitStates32MXO
                0x00081115        0x8 /cygdrive/c/TWESDK/516x/Components/Library/libHardwareApi_JN516x.a(AHI_System.o)
 .rodata.au8FlashWaitStatesHSRCO
                0x0008111d        0x8 /cygdrive/c/TWESDK/516x/Components/Library/libHardwareApi_JN516x.a(AHI_System.o)
 *fill*         0x00081125        0x3 00
 .rodata.au32TimerBaseAddress
                0x00081128       0x14 /cygdrive/c/TWESDK/516x/Components/Library/libHardwareApi_JN516x.a(AHI_Timer.o)
 .rodata.au32UartAddrOffset
                0x0008113c        0x8 /cygdrive/c/TWESDK/516x/Components/Library/libHardwareApi_JN516x.a(AHI_Uart.o)
                0x0008113c                _au32UartAddrOffset
 .rodata.au8dataSizeTable
                0x00081144        0xd /cygdrive/c/TWESDK/516x/Components/Library/libAes_JN516x.a(AEScoprocessorAPI.o)
                0x00081144                _au8dataSizeTable

.text           0x00081154    0x12ff0
 *(.text*)
 .text.cbToCoNet_u8HwInt
                0x00081154       0x21 objs_JN5164/Master.o
                0x00081154                _cbToCoNet_u8HwInt
 .text.cbToCoNet_vNwkEvent
                0x00081175       0x5c objs_JN5164/Master.o
                0x00081175                _cbToCoNet_vNwkEvent
 .text.vSerChatPrompt
                0x000811d1       0x8e objs_JN5164/Master.o
 .text.i16TransmitSerMsg
                0x0008125f      0x3e7 objs_JN5164/Master.o
 .text.i16Transmit_Transparent
                0x00081646       0x6b objs_JN5164/Master.o
 .text.vProcessInputByte_Transparent
                0x000816b1       0x7b objs_JN5164/Master.o
 .text.vProcessInputByte_Chat
                0x0008172c      0x21f objs_JN5164/Master.o
 .text.vSleep   0x0008194b       0x79 objs_JN5164/Master.o
 .text.cbToCoNet_vHwEvent
                0x000819c4      0x1e1 objs_JN5164/Master.o
                0x000819c4                _cbToCoNet_vHwEvent
 .text.cbToCoNet_vTxEvent
                0x00081ba5      0x154 objs_JN5164/Master.o
                0x00081ba5                _cbToCoNet_vTxEvent
 .text.cbToCoNet_vRxEvent
                0x00081cf9      0x73e objs_JN5164/Master.o
                0x00081cf9                _cbToCoNet_vRxEvent
 .text.i16GetSerialQueue
                0x00082437       0x78 objs_JN5164/Master.o
 .text.cbToCoNet_vMain
                0x000824af      0x3b5 objs_JN5164/Master.o
                0x000824af                _cbToCoNet_vMain
 .text.vSerialInit
                0x00082864      0x438 objs_JN5164/Master.o
 .text.vInitHardware
                0x00082c9c      0x290 objs_JN5164/Master.o
 .text.vProcessInputByte_FormatCmd
                0x00082f2c      0x478 objs_JN5164/Master.o
 .text.vProcessEvCore
                0x000833a4      0x1f1 objs_JN5164/Master.o
 .text.vInitDupChk
                0x00083595       0x2d objs_JN5164/Master.o
 .text.cbAppWarmStart
                0x000835c2       0x62 objs_JN5164/Master.o
                0x000835c2                _cbAppWarmStart
 .text.cbAppColdStart
                0x00083624      0x2a7 objs_JN5164/Master.o
                0x00083624                _cbAppColdStart
 .text.vSerResp_GetModuleSetting
                0x000838cb      0x3ba objs_JN5164/cmd_config.o
                0x000838cb                _vSerResp_GetModuleSetting
 *fill*         0x00083c85        0x3 00
 .text.bSerCmd_SetModuleSetting
                0x00083c88      0x1cc objs_JN5164/cmd_config.o
                0x00083c88                _bSerCmd_SetModuleSetting
 .text.vSerResp_Ack
                0x00083e54       0x41 objs_JN5164/cmd_misc.o
                0x00083e54                _vSerResp_Ack
 .text.vSerResp_TxEx
                0x00083e95       0x44 objs_JN5164/cmd_misc.o
                0x00083e95                _vSerResp_TxEx
 .text.vSerResp_Silent
                0x00083ed9       0x4c objs_JN5164/cmd_misc.o
                0x00083ed9                _vSerResp_Silent
 .text.vSerResp_GetModuleAddress
                0x00083f25       0xae objs_JN5164/cmd_misc.o
                0x00083f25                _vSerResp_GetModuleAddress
 .text.vConfig_OutputXmodem
                0x00083fd3       0xb4 objs_JN5164/Interactive.o
                0x00083fd3                _vConfig_OutputXmodem
 .text.vSerPrintUartOpt
                0x00084087       0x48 objs_JN5164/Interactive.o
 .text.vConfig_UnSetAll
                0x000840cf        0xc objs_JN5164/Interactive.o
                0x000840cf                _vConfig_UnSetAll
 .text.vSerPrintChannelMask
                0x000840db       0x79 objs_JN5164/Interactive.o
 .text.vSerUpdateScreen
                0x00084154      0x4e2 objs_JN5164/Interactive.o
                0x00084154                _vSerUpdateScreen
 .text.vProcessInputString
                0x00084636      0x844 objs_JN5164/Interactive.o
                0x00084636                _vProcessInputString
 .text.vConfig_SyncUnsaved
                0x00084e7a      0x111 objs_JN5164/Interactive.o
 .text.vConfig_SaveAndReset
                0x00084f8b       0xa3 objs_JN5164/Interactive.o
                0x00084f8b                _vConfig_SaveAndReset
 .text.bConfig_SetCustomDefaults
                0x0008502e       0x77 objs_JN5164/Interactive.o
                0x0008502e                _bConfig_SetCustomDefaults
 .text.vConfig_SetDefaults
                0x000850a5       0x8c objs_JN5164/Interactive.o
                0x000850a5                _vConfig_SetDefaults
 .text.vProcessInputByte
                0x00085131      0x769 objs_JN5164/Interactive.o
                0x00085131                _vProcessInputByte
 .text.u8StrSplitTokens
                0x0008589a       0x41 objs_JN5164/common.o
                0x0008589a                _u8StrSplitTokens
 .text.SERIAL_bTxCharDuo
                0x000858db       0x1c objs_JN5164/common.o
                0x000858db                _SERIAL_bTxCharDuo
 .text.SERIAL_u16RxQueueCount
                0x000858f7       0x18 objs_JN5164/common.o
                0x000858f7                _SERIAL_u16RxQueueCount
 .text.bFlash_DataRecalcHeader
                0x0008590f       0x21 objs_JN5164/flash.o
                0x0008590f                _bFlash_DataRecalcHeader
 .text.bFlash_DataValidateHeader
                0x00085930       0x36 objs_JN5164/flash.o
                0x00085930                _bFlash_DataValidateHeader
 .text.bFlash_Erase
                0x00085966       0x38 objs_JN5164/flash.o
                0x00085966                _bFlash_Erase
 .text.bFlash_Write
                0x0008599e       0x24 objs_JN5164/flash.o
                0x0008599e                _bFlash_Write
 .text.bFlash_Read
                0x000859c2       0x26 objs_JN5164/flash.o
                0x000859c2                _bFlash_Read
 .text.SerCmdPlus3_u8Parse
                0x000859e8       0xaa objs_JN5164/sercmd_plus3.o
                0x000859e8                _SerCmdPlus3_u8Parse
 .text.SerCmdAscii_u8Parse
                0x00085a92      0x12e objs_JN5164/sercmd_ascii.o
                0x00085a92                _SerCmdAscii_u8Parse
 .text.vPutByte
                0x00085bc0       0x43 objs_JN5164/sercmd_ascii.o
 .text.SerCmdAscii_Output
                0x00085c03       0x67 objs_JN5164/sercmd_ascii.o
 .text.SerCmdAscii_vInit
                0x00085c6a       0x2f objs_JN5164/sercmd_ascii.o
                0x00085c6a                _SerCmdAscii_vInit
 *fill*         0x00085c99        0x3 00
 .text.SerCmdBinary_u8Parse
                0x00085c9c      0x114 objs_JN5164/sercmd_binary.o
 .text.SerCmdBinary_Output
                0x00085db0       0x73 objs_JN5164/sercmd_binary.o
 .text.SerCmdBinary_vInit
                0x00085e23       0x2f objs_JN5164/sercmd_binary.o
                0x00085e23                _SerCmdBinary_vInit
 .text.SerCmdChat_u8Parse
                0x00085e52       0xdc objs_JN5164/sercmd_chat.o
 .text.SerCmdChat_Output
                0x00085f2e       0x28 objs_JN5164/sercmd_chat.o
 .text.SerCmdChat_vInit
                0x00085f56       0x2f objs_JN5164/sercmd_chat.o
                0x00085f56                _SerCmdChat_vInit
 .text.SerCmdTimeout_u8Parse
                0x00085f85       0x73 objs_JN5164/sercmd_timeout.o
 .text.SerCmdTimeout_Output
                0x00085ff8       0x28 objs_JN5164/sercmd_timeout.o
 .text.SerCmdTimeout_bComplete
                0x00086020       0x3f objs_JN5164/sercmd_timeout.o
 .text.SerCmdTimeout_vInit
                0x0008605f       0x38 objs_JN5164/sercmd_timeout.o
                0x0008605f                _SerCmdTimeout_vInit
 .text.INPSTR_vStart
                0x00086097       0x14 objs_JN5164/input_string.o
                0x00086097                _INPSTR_vStart
 .text.INPSTR_u8InputByte
                0x000860ab       0xd3 objs_JN5164/input_string.o
                0x000860ab                _INPSTR_u8InputByte
 .text.INPSTR_vInit
                0x0008617e       0x18 objs_JN5164/input_string.o
                0x0008617e                _INPSTR_vInit
 .text.PRSEV_u8Register
                0x00086196       0x32 /cygdrive/c/TWESDK/Wks_ToCoNet/App_Uart/../../Wks_libToCoNet/libToCoNet/lib/libToCoNet_JN5164.a(ToCoNet_event.o)
                0x00086196                _PRSEV_u8Register
 .text.PRSEV_peGetContext
                0x000861c8       0x2b /cygdrive/c/TWESDK/Wks_ToCoNet/App_Uart/../../Wks_libToCoNet/libToCoNet/lib/libToCoNet_JN5164.a(ToCoNet_event.o)
                0x000861c8                _PRSEV_peGetContext
 .text.PRSEV_peGetContextH
                0x000861f3       0x14 /cygdrive/c/TWESDK/Wks_ToCoNet/App_Uart/../../Wks_libToCoNet/libToCoNet/lib/libToCoNet_JN5164.a(ToCoNet_event.o)
                0x000861f3                _PRSEV_peGetContextH
 .text.PRSEV_vSetStateAll
                0x00086207       0x3b /cygdrive/c/TWESDK/Wks_ToCoNet/App_Uart/../../Wks_libToCoNet/libToCoNet/lib/libToCoNet_JN5164.a(ToCoNet_event.o)
                0x00086207                _PRSEV_vSetStateAll
 .text.PRSEV_vSetState
                0x00086242       0x10 /cygdrive/c/TWESDK/Wks_ToCoNet/App_Uart/../../Wks_libToCoNet/libToCoNet/lib/libToCoNet_JN5164.a(ToCoNet_event.o)
                0x00086242                _PRSEV_vSetState
 .text.PRSEV_vProcessEv_core
                0x00086252       0x8f /cygdrive/c/TWESDK/Wks_ToCoNet/App_Uart/../../Wks_libToCoNet/libToCoNet/lib/libToCoNet_JN5164.a(ToCoNet_event.o)
 .text.PRSEV_vProcessEvPost
                0x000862e1       0x35 /cygdrive/c/TWESDK/Wks_ToCoNet/App_Uart/../../Wks_libToCoNet/libToCoNet/lib/libToCoNet_JN5164.a(ToCoNet_event.o)
                0x000862e1                _PRSEV_vProcessEvPost
 .text._PRSEV_vProcessEv
                0x00086316       0x16 /cygdrive/c/TWESDK/Wks_ToCoNet/App_Uart/../../Wks_libToCoNet/libToCoNet/lib/libToCoNet_JN5164.a(ToCoNet_event.o)
                0x00086316                __PRSEV_vProcessEv
 .text._PRSEV_vProcessEvSingle
                0x0008632c       0x14 /cygdrive/c/TWESDK/Wks_ToCoNet/App_Uart/../../Wks_libToCoNet/libToCoNet/lib/libToCoNet_JN5164.a(ToCoNet_event.o)
                0x0008632c                __PRSEV_vProcessEvSingle
 .text._PRSEV_vProcessEvSingleH
                0x00086340       0x16 /cygdrive/c/TWESDK/Wks_ToCoNet/App_Uart/../../Wks_libToCoNet/libToCoNet/lib/libToCoNet_JN5164.a(ToCoNet_event.o)
                0x00086340                __PRSEV_vProcessEvSingleH
 .text.PRSEV_eGetState
                0x00086356       0x18 /cygdrive/c/TWESDK/Wks_ToCoNet/App_Uart/../../Wks_libToCoNet/libToCoNet/lib/libToCoNet_JN5164.a(ToCoNet_event.o)
                0x00086356                _PRSEV_eGetState
 .text.ToCoNet_Event_StateExec
                0x0008636e       0x31 /cygdrive/c/TWESDK/Wks_ToCoNet/App_Uart/../../Wks_libToCoNet/libToCoNet/lib/libToCoNet_JN5164.a(ToCoNet_event.o)
                0x0008636e                _ToCoNet_Event_StateExec
 .text.PRSEV_vInit
                0x0008639f       0x4d /cygdrive/c/TWESDK/Wks_ToCoNet/App_Uart/../../Wks_libToCoNet/libToCoNet/lib/libToCoNet_JN5164.a(ToCoNet_event.o)
                0x0008639f                _PRSEV_vInit
 .text.ToCoNet_vDebugInit
                0x000863ec        0x9 /cygdrive/c/TWESDK/Wks_ToCoNet/App_Uart/../../Wks_libToCoNet/libToCoNet/lib/libToCoNet_JN5164.a(ToCoNet_main.o)
                0x000863ec                _ToCoNet_vDebugInit
 .text.ToCoNet_vDebugLevel
                0x000863f5        0x9 /cygdrive/c/TWESDK/Wks_ToCoNet/App_Uart/../../Wks_libToCoNet/libToCoNet/lib/libToCoNet_JN5164.a(ToCoNet_main.o)
                0x000863f5                _ToCoNet_vDebugLevel
 .text._ToCoNet_bRaisePanic
                0x000863fe       0x3b /cygdrive/c/TWESDK/Wks_ToCoNet/App_Uart/../../Wks_libToCoNet/libToCoNet/lib/libToCoNet_JN5164.a(ToCoNet_main.o)
                0x000863fe                __ToCoNet_bRaisePanic
 .text.ToCoNet_bRegisterAesKey
                0x00086439       0x1a /cygdrive/c/TWESDK/Wks_ToCoNet/App_Uart/../../Wks_libToCoNet/libToCoNet/lib/libToCoNet_JN5164.a(ToCoNet_main.o)
                0x00086439                _ToCoNet_bRegisterAesKey
 .text.ToCoNet_bMacTxReq
                0x00086453       0xfe /cygdrive/c/TWESDK/Wks_ToCoNet/App_Uart/../../Wks_libToCoNet/libToCoNet/lib/libToCoNet_JN5164.a(ToCoNet_main.o)
                0x00086453                _ToCoNet_bMacTxReq
 .text.ToCoNet_vRfConfig
                0x00086551        0x6 /cygdrive/c/TWESDK/Wks_ToCoNet/App_Uart/../../Wks_libToCoNet/libToCoNet/lib/libToCoNet_JN5164.a(ToCoNet_main.o)
                0x00086551                _ToCoNet_vRfConfig
 .text.ToCoNet_vMacStart
                0x00086557       0x11 /cygdrive/c/TWESDK/Wks_ToCoNet/App_Uart/../../Wks_libToCoNet/libToCoNet/lib/libToCoNet_JN5164.a(ToCoNet_main.o)
                0x00086557                _ToCoNet_vMacStart
 .text.ToCoNet_vMain
                0x00086568      0x26c /cygdrive/c/TWESDK/Wks_ToCoNet/App_Uart/../../Wks_libToCoNet/libToCoNet/lib/libToCoNet_JN5164.a(ToCoNet_main.o)
                0x00086568                _ToCoNet_vMain
 .text.vProcessEvCoreMac
                0x000867d4       0x7a /cygdrive/c/TWESDK/Wks_ToCoNet/App_Uart/../../Wks_libToCoNet/libToCoNet/lib/libToCoNet_JN5164.a(ToCoNet_main.o)
                0x000867d4                _vProcessEvCoreMac
 .text.ToCoNet_vStart
                0x0008684e      0x3e2 /cygdrive/c/TWESDK/Wks_ToCoNet/App_Uart/../../Wks_libToCoNet/libToCoNet/lib/libToCoNet_JN5164.a(ToCoNet_main.o)
                0x0008684e                _ToCoNet_vStart
 .text.ToCoNet_vInit
                0x00086c30      0x135 /cygdrive/c/TWESDK/Wks_ToCoNet/App_Uart/../../Wks_libToCoNet/libToCoNet/lib/libToCoNet_JN5164.a(ToCoNet_main.o)
                0x00086c30                _ToCoNet_vInit
 .text.u8HwEventHandler
                0x00086d65       0x27 /cygdrive/c/TWESDK/Wks_ToCoNet/App_Uart/../../Wks_libToCoNet/libToCoNet/lib/libToCoNet_JN5164.a(ToCoNet_main.o)
 .text.ToCoNet_u32GetVersion
                0x00086d8c       0x21 /cygdrive/c/TWESDK/Wks_ToCoNet/App_Uart/../../Wks_libToCoNet/libToCoNet/lib/libToCoNet_JN5164.a(ToCoNet_utils.o)
                0x00086d8c                _ToCoNet_u32GetVersion
 .text.ToCoNet_u16GetPanId
                0x00086dad        0x9 /cygdrive/c/TWESDK/Wks_ToCoNet/App_Uart/../../Wks_libToCoNet/libToCoNet/lib/libToCoNet_JN5164.a(ToCoNet_utils.o)
                0x00086dad                _ToCoNet_u16GetPanId
 .text.ToCoNet_u32GetSerial
                0x00086db6        0x9 /cygdrive/c/TWESDK/Wks_ToCoNet/App_Uart/../../Wks_libToCoNet/libToCoNet/lib/libToCoNet_JN5164.a(ToCoNet_utils.o)
                0x00086db6                _ToCoNet_u32GetSerial
 .text.ToCoNet_u32GetRand
                0x00086dbf       0x65 /cygdrive/c/TWESDK/Wks_ToCoNet/App_Uart/../../Wks_libToCoNet/libToCoNet/lib/libToCoNet_JN5164.a(ToCoNet_utils.o)
                0x00086dbf                _ToCoNet_u32GetRand
 .text.ToCoNet_vSleep
                0x00086e24      0x12b /cygdrive/c/TWESDK/Wks_ToCoNet/App_Uart/../../Wks_libToCoNet/libToCoNet/lib/libToCoNet_JN5164.a(ToCoNet_utils.o)
                0x00086e24                _ToCoNet_vSleep
 .text.ToCoNet_vReg_mod_Tx_Standard
                0x00086f4f       0x1d /cygdrive/c/TWESDK/Wks_ToCoNet/App_Uart/../../Wks_libToCoNet/libToCoNet/lib/libToCoNet_JN5164.a(ToCoNet_mod_Tx.o)
                0x00086f4f                _ToCoNet_vReg_mod_Tx_Standard
 .text.vProcessEvCoreTx
                0x00086f6c       0x67 /cygdrive/c/TWESDK/Wks_ToCoNet/App_Uart/../../Wks_libToCoNet/libToCoNet/lib/libToCoNet_JN5164.a(ToCoNet_mod_Tx.o)
 .text.vHnd_E_STATE_FINISH_TX_SUCCESS
                0x00086fd3       0x9b /cygdrive/c/TWESDK/Wks_ToCoNet/App_Uart/../../Wks_libToCoNet/libToCoNet/lib/libToCoNet_JN5164.a(ToCoNet_mod_Tx.o)
 .text.vHnd_E_STATE_WAIT_TX
                0x0008706e       0x71 /cygdrive/c/TWESDK/Wks_ToCoNet/App_Uart/../../Wks_libToCoNet/libToCoNet/lib/libToCoNet_JN5164.a(ToCoNet_mod_Tx.o)
 .text.vHnd_E_STATE_PREPARE_TX
                0x000870df      0x160 /cygdrive/c/TWESDK/Wks_ToCoNet/App_Uart/../../Wks_libToCoNet/libToCoNet/lib/libToCoNet_JN5164.a(ToCoNet_mod_Tx.o)
 .text.vHnd_E_STATE_IDLE
                0x0008723f       0x49 /cygdrive/c/TWESDK/Wks_ToCoNet/App_Uart/../../Wks_libToCoNet/libToCoNet/lib/libToCoNet_JN5164.a(ToCoNet_mod_Tx.o)
 .text.vHnd_E_STATE_RUNNING
                0x00087288      0x202 /cygdrive/c/TWESDK/Wks_ToCoNet/App_Uart/../../Wks_libToCoNet/libToCoNet/lib/libToCoNet_JN5164.a(ToCoNet_mod_Tx.o)
 .text.vHnd_E_STATE_FINISH_TX_FAIL
                0x0008748a       0xc2 /cygdrive/c/TWESDK/Wks_ToCoNet/App_Uart/../../Wks_libToCoNet/libToCoNet/lib/libToCoNet_JN5164.a(ToCoNet_mod_Tx.o)
 .text.ToCoNet_vReg_mod_NbScan
                0x0008754c       0x20 /cygdrive/c/TWESDK/Wks_ToCoNet/App_Uart/../../Wks_libToCoNet/libToCoNet/lib/libToCoNet_JN5164.a(ToCoNet_mod_NbScan.o)
                0x0008754c                _ToCoNet_vReg_mod_NbScan
 .text.iNbScCompare
                0x0008756c       0x25 /cygdrive/c/TWESDK/Wks_ToCoNet/App_Uart/../../Wks_libToCoNet/libToCoNet/lib/libToCoNet_JN5164.a(ToCoNet_mod_NbScan.o)
 .text.vSetEnt  0x00087591       0x4e /cygdrive/c/TWESDK/Wks_ToCoNet/App_Uart/../../Wks_libToCoNet/libToCoNet/lib/libToCoNet_JN5164.a(ToCoNet_mod_NbScan.o)
 .text.ToCoNet_bNeighbourScanStartCore
                0x000875df       0x96 /cygdrive/c/TWESDK/Wks_ToCoNet/App_Uart/../../Wks_libToCoNet/libToCoNet/lib/libToCoNet_JN5164.a(ToCoNet_mod_NbScan.o)
 .text.ToCoNet_NbScan_bStartToFindRole
                0x00087675       0x37 /cygdrive/c/TWESDK/Wks_ToCoNet/App_Uart/../../Wks_libToCoNet/libToCoNet/lib/libToCoNet_JN5164.a(ToCoNet_mod_NbScan.o)
                0x00087675                _ToCoNet_NbScan_bStartToFindRole
 .text.ToCoNet_NbScan_bStartToFindAddrCb
                0x000876ac       0x52 /cygdrive/c/TWESDK/Wks_ToCoNet/App_Uart/../../Wks_libToCoNet/libToCoNet/lib/libToCoNet_JN5164.a(ToCoNet_mod_NbScan.o)
                0x000876ac                _ToCoNet_NbScan_bStartToFindAddrCb
 .text.vProcessEvModNeighbourScan
                0x000876fe       0x4d /cygdrive/c/TWESDK/Wks_ToCoNet/App_Uart/../../Wks_libToCoNet/libToCoNet/lib/libToCoNet_JN5164.a(ToCoNet_mod_NbScan.o)
 .text.vHnd_E_STATE_IDLE
                0x0008774b       0x2f /cygdrive/c/TWESDK/Wks_ToCoNet/App_Uart/../../Wks_libToCoNet/libToCoNet/lib/libToCoNet_JN5164.a(ToCoNet_mod_NbScan.o)
 .text.vHnd_E_STATE_FINISHED
                0x0008777a       0xa5 /cygdrive/c/TWESDK/Wks_ToCoNet/App_Uart/../../Wks_libToCoNet/libToCoNet/lib/libToCoNet_JN5164.a(ToCoNet_mod_NbScan.o)
 .text.vHnd_E_STATE_WAIT_COMMAND
                0x0008781f      0x347 /cygdrive/c/TWESDK/Wks_ToCoNet/App_Uart/../../Wks_libToCoNet/libToCoNet/lib/libToCoNet_JN5164.a(ToCoNet_mod_NbScan.o)
 .text.vHnd_E_STATE_SCANNING
                0x00087b66       0xa2 /cygdrive/c/TWESDK/Wks_ToCoNet/App_Uart/../../Wks_libToCoNet/libToCoNet/lib/libToCoNet_JN5164.a(ToCoNet_mod_NbScan.o)
 .text.vHnd_E_STATE_SCANNING_INIT
                0x00087c08       0x6e /cygdrive/c/TWESDK/Wks_ToCoNet/App_Uart/../../Wks_libToCoNet/libToCoNet/lib/libToCoNet_JN5164.a(ToCoNet_mod_NbScan.o)
 .text.RepondList_bFind
                0x00087c76       0x4b /cygdrive/c/TWESDK/Wks_ToCoNet/App_Uart/../../Wks_libToCoNet/libToCoNet/lib/libToCoNet_JN5164.a(ToCoNet_mod_NbScan_Slave.o)
 .text.ToCoNet_vReg_mod_NbScan_Slave
                0x00087cc1       0x45 /cygdrive/c/TWESDK/Wks_ToCoNet/App_Uart/../../Wks_libToCoNet/libToCoNet/lib/libToCoNet_JN5164.a(ToCoNet_mod_NbScan_Slave.o)
                0x00087cc1                _ToCoNet_vReg_mod_NbScan_Slave
 .text.vTransmit
                0x00087d06      0x177 /cygdrive/c/TWESDK/Wks_ToCoNet/App_Uart/../../Wks_libToCoNet/libToCoNet/lib/libToCoNet_JN5164.a(ToCoNet_mod_NbScan_Slave.o)
 .text.vProcessEvModNeighbourScanSlave
                0x00087e7d      0x164 /cygdrive/c/TWESDK/Wks_ToCoNet/App_Uart/../../Wks_libToCoNet/libToCoNet/lib/libToCoNet_JN5164.a(ToCoNet_mod_NbScan_Slave.o)
 .text.ToCoNet_vReg_mod_TxRxQueueBig
                0x00087fe1       0x88 /cygdrive/c/TWESDK/Wks_ToCoNet/App_Uart/../../Wks_libToCoNet/libToCoNet/lib/libToCoNet_JN5164.a(ToCoNet_mod_TxRxQueue.o)
                0x00087fe1                _ToCoNet_vReg_mod_TxRxQueueBig
 .text.ToCoNet_vRxProc_App
                0x00088069       0x81 /cygdrive/c/TWESDK/Wks_ToCoNet/App_Uart/../../Wks_libToCoNet/libToCoNet/lib/libToCoNet_JN5164.a(ToCoNet_mod_Nwk_Common.o)
                0x00088069                _ToCoNet_vRxProc_App
 .text.ToCoNet_vRxProc_Mod
                0x000880ea       0x49 /cygdrive/c/TWESDK/Wks_ToCoNet/App_Uart/../../Wks_libToCoNet/libToCoNet/lib/libToCoNet_JN5164.a(ToCoNet_mod_Nwk_Common.o)
                0x000880ea                _ToCoNet_vRxProc_Mod
 .text.u32GenRouteCtlInfo
                0x00088133       0x24 /cygdrive/c/TWESDK/Wks_ToCoNet/App_Uart/../../Wks_libToCoNet/libToCoNet/lib/libToCoNet_JN5164.a(ToCoNet_mod_Nwk_LayerTree.o)
 .text.DupPkt_bAdd
                0x00088157       0x70 /cygdrive/c/TWESDK/Wks_ToCoNet/App_Uart/../../Wks_libToCoNet/libToCoNet/lib/libToCoNet_JN5164.a(ToCoNet_mod_Nwk_LayerTree.o)
 .text.u8UpdateXOR
                0x000881c7       0x16 /cygdrive/c/TWESDK/Wks_ToCoNet/App_Uart/../../Wks_libToCoNet/libToCoNet/lib/libToCoNet_JN5164.a(ToCoNet_mod_Nwk_LayerTree.o)
 .text.vHnd_E_STATE_DISCONNECT
                0x000881dd       0x27 /cygdrive/c/TWESDK/Wks_ToCoNet/App_Uart/../../Wks_libToCoNet/libToCoNet/lib/libToCoNet_JN5164.a(ToCoNet_mod_Nwk_LayerTree.o)
 .text.vHnd_E_STATE_LOCATING
                0x00088204      0x14a /cygdrive/c/TWESDK/Wks_ToCoNet/App_Uart/../../Wks_libToCoNet/libToCoNet/lib/libToCoNet_JN5164.a(ToCoNet_mod_Nwk_LayerTree.o)
 .text.vHnd_E_STATE_SCANNING
                0x0008834e      0x246 /cygdrive/c/TWESDK/Wks_ToCoNet/App_Uart/../../Wks_libToCoNet/libToCoNet/lib/libToCoNet_JN5164.a(ToCoNet_mod_Nwk_LayerTree.o)
 .text.ToCoNet_NwkLyTr_psConfig
                0x00088594      0x219 /cygdrive/c/TWESDK/Wks_ToCoNet/App_Uart/../../Wks_libToCoNet/libToCoNet/lib/libToCoNet_JN5164.a(ToCoNet_mod_Nwk_LayerTree.o)
                0x00088594                _ToCoNet_NwkLyTr_psConfig
 .text.ToCoNet_vReg_mod_Nwk_LayerTree
                0x000887ad       0x45 /cygdrive/c/TWESDK/Wks_ToCoNet/App_Uart/../../Wks_libToCoNet/libToCoNet/lib/libToCoNet_JN5164.a(ToCoNet_mod_Nwk_LayerTree.o)
                0x000887ad                _ToCoNet_vReg_mod_Nwk_LayerTree
 .text.DupPkt_vInit
                0x000887f2       0x1b /cygdrive/c/TWESDK/Wks_ToCoNet/App_Uart/../../Wks_libToCoNet/libToCoNet/lib/libToCoNet_JN5164.a(ToCoNet_mod_Nwk_LayerTree.o)
 .text.vHnd_E_STATE_RUNNING
                0x0008880d       0xc2 /cygdrive/c/TWESDK/Wks_ToCoNet/App_Uart/../../Wks_libToCoNet/libToCoNet/lib/libToCoNet_JN5164.a(ToCoNet_mod_Nwk_LayerTree.o)
 .text.bTxReq   0x000888cf      0x248 /cygdrive/c/TWESDK/Wks_ToCoNet/App_Uart/../../Wks_libToCoNet/libToCoNet/lib/libToCoNet_JN5164.a(ToCoNet_mod_Nwk_LayerTree.o)
 .text.ToCoNet_bNwk_Pause_LayerTree
                0x00088b17       0x78 /cygdrive/c/TWESDK/Wks_ToCoNet/App_Uart/../../Wks_libToCoNet/libToCoNet/lib/libToCoNet_JN5164.a(ToCoNet_mod_Nwk_LayerTree.o)
 .text.vProcessEvCoreNwkLayerTree
                0x00088b8f      0x5ce /cygdrive/c/TWESDK/Wks_ToCoNet/App_Uart/../../Wks_libToCoNet/libToCoNet/lib/libToCoNet_JN5164.a(ToCoNet_mod_Nwk_LayerTree.o)
                0x00088b8f                _vProcessEvCoreNwkLayerTree
 .text.ToCoNet_bNwk_Start_LayerTree
                0x0008915d       0x8f /cygdrive/c/TWESDK/Wks_ToCoNet/App_Uart/../../Wks_libToCoNet/libToCoNet/lib/libToCoNet_JN5164.a(ToCoNet_mod_Nwk_LayerTree.o)
 .text.ToCoNet_bNwk_Resume_LayerTree
                0x000891ec       0x6f /cygdrive/c/TWESDK/Wks_ToCoNet/App_Uart/../../Wks_libToCoNet/libToCoNet/lib/libToCoNet_JN5164.a(ToCoNet_mod_Nwk_LayerTree.o)
 .text.ToCoNet_bNwk_Init_LayerTree
                0x0008925b       0x3b /cygdrive/c/TWESDK/Wks_ToCoNet/App_Uart/../../Wks_libToCoNet/libToCoNet/lib/libToCoNet_JN5164.a(ToCoNet_mod_Nwk_LayerTree.o)
 .text.ToCoNet_bNwk_Stop_LayerTree
                0x00089296       0x67 /cygdrive/c/TWESDK/Wks_ToCoNet/App_Uart/../../Wks_libToCoNet/libToCoNet/lib/libToCoNet_JN5164.a(ToCoNet_mod_Nwk_LayerTree.o)
 .text.vHnd_E_STATE_PAUSE
                0x000892fd       0x6a /cygdrive/c/TWESDK/Wks_ToCoNet/App_Uart/../../Wks_libToCoNet/libToCoNet/lib/libToCoNet_JN5164.a(ToCoNet_mod_Nwk_LayerTree.o)
 .text.vHnd_E_STATE_IDLE
                0x00089367      0x101 /cygdrive/c/TWESDK/Wks_ToCoNet/App_Uart/../../Wks_libToCoNet/libToCoNet/lib/libToCoNet_JN5164.a(ToCoNet_mod_Nwk_LayerTree.o)
 .text.ToCoNet_ChMgr_bCh_Reconfig
                0x00089468       0x68 /cygdrive/c/TWESDK/Wks_ToCoNet/App_Uart/../../Wks_libToCoNet/libToCoNet/lib/libToCoNet_JN5164.a(ToCoNet_mod_Channel_Mgr.o)
                0x00089468                _ToCoNet_ChMgr_bCh_Reconfig
 .text.ToCoNet_ChMgr_vCh_TxFin
                0x000894d0       0x30 /cygdrive/c/TWESDK/Wks_ToCoNet/App_Uart/../../Wks_libToCoNet/libToCoNet/lib/libToCoNet_JN5164.a(ToCoNet_mod_Channel_Mgr.o)
                0x000894d0                _ToCoNet_ChMgr_vCh_TxFin
 .text.ToCoNet_ChMgr_vCh_Release
                0x00089500       0x24 /cygdrive/c/TWESDK/Wks_ToCoNet/App_Uart/../../Wks_libToCoNet/libToCoNet/lib/libToCoNet_JN5164.a(ToCoNet_mod_Channel_Mgr.o)
                0x00089500                _ToCoNet_ChMgr_vCh_Release
 .text.ToCoNet_ChMgr_bCh_Hold
                0x00089524       0x36 /cygdrive/c/TWESDK/Wks_ToCoNet/App_Uart/../../Wks_libToCoNet/libToCoNet/lib/libToCoNet_JN5164.a(ToCoNet_mod_Channel_Mgr.o)
                0x00089524                _ToCoNet_ChMgr_bCh_Hold
 .text.ToCoNet_ChMgr_bCh_Change
                0x0008955a       0x28 /cygdrive/c/TWESDK/Wks_ToCoNet/App_Uart/../../Wks_libToCoNet/libToCoNet/lib/libToCoNet_JN5164.a(ToCoNet_mod_Channel_Mgr.o)
                0x0008955a                _ToCoNet_ChMgr_bCh_Change
 .text.ToCoNet_ChMgr_bCh_OnTx
                0x00089582       0x6d /cygdrive/c/TWESDK/Wks_ToCoNet/App_Uart/../../Wks_libToCoNet/libToCoNet/lib/libToCoNet_JN5164.a(ToCoNet_mod_Channel_Mgr.o)
                0x00089582                _ToCoNet_ChMgr_bCh_OnTx
 .text.ToCoNet_ChMgr_psConfig
                0x000895ef       0x41 /cygdrive/c/TWESDK/Wks_ToCoNet/App_Uart/../../Wks_libToCoNet/libToCoNet/lib/libToCoNet_JN5164.a(ToCoNet_mod_Channel_Mgr.o)
                0x000895ef                _ToCoNet_ChMgr_psConfig
 .text.ToCoNet_vReg_mod_Channel_Mgr
                0x00089630       0x3f /cygdrive/c/TWESDK/Wks_ToCoNet/App_Uart/../../Wks_libToCoNet/libToCoNet/lib/libToCoNet_JN5164.a(ToCoNet_mod_Channel_Mgr.o)
                0x00089630                _ToCoNet_vReg_mod_Channel_Mgr
 .text.vProcessEvCoreChannelMgr
                0x0008966f       0x1f /cygdrive/c/TWESDK/Wks_ToCoNet/App_Uart/../../Wks_libToCoNet/libToCoNet/lib/libToCoNet_JN5164.a(ToCoNet_mod_Channel_Mgr.o)
 .text.vUpdateChList
                0x0008968e       0x64 /cygdrive/c/TWESDK/Wks_ToCoNet/App_Uart/../../Wks_libToCoNet/libToCoNet/lib/libToCoNet_JN5164.a(ToCoNet_mod_Channel_Mgr.o)
 .text.vHnd_E_STATE_RUNNING
                0x000896f2       0xd5 /cygdrive/c/TWESDK/Wks_ToCoNet/App_Uart/../../Wks_libToCoNet/libToCoNet/lib/libToCoNet_JN5164.a(ToCoNet_mod_Channel_Mgr.o)
 .text.vHnd_E_STATE_IDLE
                0x000897c7       0x18 /cygdrive/c/TWESDK/Wks_ToCoNet/App_Uart/../../Wks_libToCoNet/libToCoNet/lib/libToCoNet_JN5164.a(ToCoNet_mod_Channel_Mgr.o)
 .text.ToCoNet_DupChk_bAdd_E
                0x000897df       0x82 /cygdrive/c/TWESDK/Wks_ToCoNet/App_Uart/../../Wks_libToCoNet/libToCoNet/lib/libToCoNet_JN5164.a(ToCoNet_mod_DuplicateChecker.o)
                0x000897df                _ToCoNet_DupChk_bAdd_E
 .text.ToCoNet_DupChk_u8Clean_E
                0x00089861       0x44 /cygdrive/c/TWESDK/Wks_ToCoNet/App_Uart/../../Wks_libToCoNet/libToCoNet/lib/libToCoNet_JN5164.a(ToCoNet_mod_DuplicateChecker.o)
                0x00089861                _ToCoNet_DupChk_u8Clean_E
 .text.ToCoNet_DupChk_vClean
                0x000898a5       0x4e /cygdrive/c/TWESDK/Wks_ToCoNet/App_Uart/../../Wks_libToCoNet/libToCoNet/lib/libToCoNet_JN5164.a(ToCoNet_mod_DuplicateChecker.o)
                0x000898a5                _ToCoNet_DupChk_vClean
 .text.ToCoNet_DupChk_vInit_E
                0x000898f3       0x15 /cygdrive/c/TWESDK/Wks_ToCoNet/App_Uart/../../Wks_libToCoNet/libToCoNet/lib/libToCoNet_JN5164.a(ToCoNet_mod_DuplicateChecker.o)
                0x000898f3                _ToCoNet_DupChk_vInit_E
 .text.ToCoNet_DupChk_bAdd
                0x00089908      0x1e6 /cygdrive/c/TWESDK/Wks_ToCoNet/App_Uart/../../Wks_libToCoNet/libToCoNet/lib/libToCoNet_JN5164.a(ToCoNet_mod_DuplicateChecker.o)
                0x00089908                _ToCoNet_DupChk_bAdd
 .text._ToCoNet_DupChk_psInit
                0x00089aee       0x8d /cygdrive/c/TWESDK/Wks_ToCoNet/App_Uart/../../Wks_libToCoNet/libToCoNet/lib/libToCoNet_JN5164.a(ToCoNet_mod_DuplicateChecker.o)
                0x00089aee                __ToCoNet_DupChk_psInit
 .text.vFifoInit
                0x00089b7b       0x14 /cygdrive/c/TWESDK/Wks_ToCoNet/App_Uart/../../Wks_libToCoNet/libToCoNet/lib/libToCoNet_JN5164.a(AppQueueApi_ToCoNet.o)
 .text.pvFifoPull
                0x00089b8f       0x23 /cygdrive/c/TWESDK/Wks_ToCoNet/App_Uart/../../Wks_libToCoNet/libToCoNet/lib/libToCoNet_JN5164.a(AppQueueApi_ToCoNet.o)
 .text.psAppQApiGetMcpsBuffer
                0x00089bb2        0xc /cygdrive/c/TWESDK/Wks_ToCoNet/App_Uart/../../Wks_libToCoNet/libToCoNet/lib/libToCoNet_JN5164.a(AppQueueApi_ToCoNet.o)
 .text.psAppQApiGetMlmeBuffer
                0x00089bbe        0xc /cygdrive/c/TWESDK/Wks_ToCoNet/App_Uart/../../Wks_libToCoNet/libToCoNet/lib/libToCoNet_JN5164.a(AppQueueApi_ToCoNet.o)
 .text.psAppQApiReadHwIndT
                0x00089bca        0xc /cygdrive/c/TWESDK/Wks_ToCoNet/App_Uart/../../Wks_libToCoNet/libToCoNet/lib/libToCoNet_JN5164.a(AppQueueApi_ToCoNet.o)
                0x00089bca                _psAppQApiReadHwIndT
 .text.psAppQApiReadMcpsIndT
                0x00089bd6        0xc /cygdrive/c/TWESDK/Wks_ToCoNet/App_Uart/../../Wks_libToCoNet/libToCoNet/lib/libToCoNet_JN5164.a(AppQueueApi_ToCoNet.o)
                0x00089bd6                _psAppQApiReadMcpsIndT
 .text.psAppQApiReadMlmeIndT
                0x00089be2        0xc /cygdrive/c/TWESDK/Wks_ToCoNet/App_Uart/../../Wks_libToCoNet/libToCoNet/lib/libToCoNet_JN5164.a(AppQueueApi_ToCoNet.o)
                0x00089be2                _psAppQApiReadMlmeIndT
 .text.bFifoPush
                0x00089bee       0x28 /cygdrive/c/TWESDK/Wks_ToCoNet/App_Uart/../../Wks_libToCoNet/libToCoNet/lib/libToCoNet_JN5164.a(AppQueueApi_ToCoNet.o)
 .text.vAppQApiPostMcps
                0x00089c16       0x1e /cygdrive/c/TWESDK/Wks_ToCoNet/App_Uart/../../Wks_libToCoNet/libToCoNet/lib/libToCoNet_JN5164.a(AppQueueApi_ToCoNet.o)
 .text.vAppQApiPostMlme
                0x00089c34       0x22 /cygdrive/c/TWESDK/Wks_ToCoNet/App_Uart/../../Wks_libToCoNet/libToCoNet/lib/libToCoNet_JN5164.a(AppQueueApi_ToCoNet.o)
 .text.vAppQApiReturnHwIndBufferT
                0x00089c56        0xe /cygdrive/c/TWESDK/Wks_ToCoNet/App_Uart/../../Wks_libToCoNet/libToCoNet/lib/libToCoNet_JN5164.a(AppQueueApi_ToCoNet.o)
                0x00089c56                _vAppQApiReturnHwIndBufferT
 .text.vAppQApiReturnMcpsIndBufferT
                0x00089c64        0xe /cygdrive/c/TWESDK/Wks_ToCoNet/App_Uart/../../Wks_libToCoNet/libToCoNet/lib/libToCoNet_JN5164.a(AppQueueApi_ToCoNet.o)
                0x00089c64                _vAppQApiReturnMcpsIndBufferT
 .text.vAppQApiReturnMlmeIndBufferT
                0x00089c72        0xe /cygdrive/c/TWESDK/Wks_ToCoNet/App_Uart/../../Wks_libToCoNet/libToCoNet/lib/libToCoNet_JN5164.a(AppQueueApi_ToCoNet.o)
                0x00089c72                _vAppQApiReturnMlmeIndBufferT
 .text.u32AppQApiInitT
                0x00089c80      0x18f /cygdrive/c/TWESDK/Wks_ToCoNet/App_Uart/../../Wks_libToCoNet/libToCoNet/lib/libToCoNet_JN5164.a(AppQueueApi_ToCoNet.o)
                0x00089c80                _u32AppQApiInitT
 .text.vAppQApiPostHwIntT
                0x00089e0f       0x6e /cygdrive/c/TWESDK/Wks_ToCoNet/App_Uart/../../Wks_libToCoNet/libToCoNet/lib/libToCoNet_JN5164.a(AppQueueApi_ToCoNet.o)
 .text.u32AppQApiInitNetwork
                0x00089e7d       0x22 /cygdrive/c/TWESDK/Wks_ToCoNet/App_Uart/../../Wks_libToCoNet/libToCoNet/lib/libToCoNet_JN5164.a(AppQueueApi_ToCoNet.o)
                0x00089e7d                _u32AppQApiInitNetwork
 .text._ToCoNet_bRfChChannel
                0x00089e9f       0xaa /cygdrive/c/TWESDK/Wks_ToCoNet/App_Uart/../../Wks_libToCoNet/libToCoNet/lib/libToCoNetExt_JN5164.a(AppStart.o)
                0x00089e9f                __ToCoNet_bRfChChannel
 .text.AppWarmStart
                0x00089f49       0x9d /cygdrive/c/TWESDK/Wks_ToCoNet/App_Uart/../../Wks_libToCoNet/libToCoNet/lib/libToCoNetExt_JN5164.a(AppStart.o)
                0x00089f49                _AppWarmStart
 .text._ToCoNet_vMacInit
                0x00089fe6       0x2c /cygdrive/c/TWESDK/Wks_ToCoNet/App_Uart/../../Wks_libToCoNet/libToCoNet/lib/libToCoNetExt_JN5164.a(AppStart.o)
                0x00089fe6                __ToCoNet_vMacInit
 .text._ToCoNet_vRfConfig
                0x0008a012       0xe3 /cygdrive/c/TWESDK/Wks_ToCoNet/App_Uart/../../Wks_libToCoNet/libToCoNet/lib/libToCoNetExt_JN5164.a(AppStart.o)
                0x0008a012                __ToCoNet_vRfConfig
 .text.AppColdStart
                0x0008a0f5      0x4d7 /cygdrive/c/TWESDK/Wks_ToCoNet/App_Uart/../../Wks_libToCoNet/libToCoNet/lib/libToCoNetExt_JN5164.a(AppStart.o)
                0x0008a0f5                _AppColdStart
 .text.ToCoNet_u32GetSerialOnBoot
                0x0008a5cc       0x37 /cygdrive/c/TWESDK/Wks_ToCoNet/App_Uart/../../Wks_libToCoNet/libToCoNet/lib/libToCoNetExt_JN5164.a(getMacAddr.o)
                0x0008a5cc                _ToCoNet_u32GetSerialOnBoot
 .text.Mac_bRxQueueReg
                0x0008a603       0x34 /cygdrive/c/TWESDK/Wks_ToCoNet/App_Uart/../../Wks_libToCoNet/libToCoNet/lib/libToCoNetExt_JN5164.a(mac.o)
                0x0008a603                _Mac_bRxQueueReg
 .text.Mac_vSetHighDataRate
                0x0008a637        0x3 /cygdrive/c/TWESDK/Wks_ToCoNet/App_Uart/../../Wks_libToCoNet/libToCoNet/lib/libToCoNetExt_JN5164.a(mac.o)
                0x0008a637                _Mac_vSetHighDataRate
 .text.Mac_vSetCCA
                0x0008a63a       0x32 /cygdrive/c/TWESDK/Wks_ToCoNet/App_Uart/../../Wks_libToCoNet/libToCoNet/lib/libToCoNetExt_JN5164.a(mac.o)
                0x0008a63a                _Mac_vSetCCA
 .text.Mac_vSetRetry
                0x0008a66c       0x1e /cygdrive/c/TWESDK/Wks_ToCoNet/App_Uart/../../Wks_libToCoNet/libToCoNet/lib/libToCoNetExt_JN5164.a(mac.o)
                0x0008a66c                _Mac_vSetRetry
 .text.Mac_vReset
                0x0008a68a       0x20 /cygdrive/c/TWESDK/Wks_ToCoNet/App_Uart/../../Wks_libToCoNet/libToCoNet/lib/libToCoNetExt_JN5164.a(mac.o)
                0x0008a68a                _Mac_vReset
 .text.bDecodeAES
                0x0008a6aa       0xc6 /cygdrive/c/TWESDK/Wks_ToCoNet/App_Uart/../../Wks_libToCoNet/libToCoNet/lib/libToCoNetExt_JN5164.a(mac.o)
                0x0008a6aa                _bDecodeAES
 .text.bEncodeAES
                0x0008a770       0xbb /cygdrive/c/TWESDK/Wks_ToCoNet/App_Uart/../../Wks_libToCoNet/libToCoNet/lib/libToCoNetExt_JN5164.a(mac.o)
                0x0008a770                _bEncodeAES
 .text.Mac_vHandleMcpsDataInd
                0x0008a82b      0x2a0 /cygdrive/c/TWESDK/Wks_ToCoNet/App_Uart/../../Wks_libToCoNet/libToCoNet/lib/libToCoNetExt_JN5164.a(mac.o)
                0x0008a82b                _Mac_vHandleMcpsDataInd
 .text.Mac_bSecureInit
                0x0008aacb        0xc /cygdrive/c/TWESDK/Wks_ToCoNet/App_Uart/../../Wks_libToCoNet/libToCoNet/lib/libToCoNetExt_JN5164.a(mac.o)
                0x0008aacb                _Mac_bSecureInit
 .text.Mac_vInit
                0x0008aad7       0x41 /cygdrive/c/TWESDK/Wks_ToCoNet/App_Uart/../../Wks_libToCoNet/libToCoNet/lib/libToCoNetExt_JN5164.a(mac.o)
                0x0008aad7                _Mac_vInit
 .text.Mac_bTransmit
                0x0008ab18      0x1ee /cygdrive/c/TWESDK/Wks_ToCoNet/App_Uart/../../Wks_libToCoNet/libToCoNet/lib/libToCoNetExt_JN5164.a(mac.o)
                0x0008ab18                _Mac_bTransmit
 .text.bAES_CCM_Encode
                0x0008ad06       0x1e /cygdrive/c/TWESDK/Wks_ToCoNet/App_Uart/../../Wks_libToCoNet/libToCoNet/lib/libToCoNetExt_JN5164.a(AES_CCM.o)
                0x0008ad06                _bAES_CCM_Encode
 .text.bAES_CCM_Decode
                0x0008ad24       0x1e /cygdrive/c/TWESDK/Wks_ToCoNet/App_Uart/../../Wks_libToCoNet/libToCoNet/lib/libToCoNetExt_JN5164.a(AES_CCM.o)
                0x0008ad24                _bAES_CCM_Decode
 .text.bAES_CCM_KeyReg
                0x0008ad42       0x4a /cygdrive/c/TWESDK/Wks_ToCoNet/App_Uart/../../Wks_libToCoNet/libToCoNet/lib/libToCoNetExt_JN5164.a(AES_CCM.o)
                0x0008ad42                _bAES_CCM_KeyReg
 .text.bAES_CCM_DecodeKey
                0x0008ad8c       0x6b /cygdrive/c/TWESDK/Wks_ToCoNet/App_Uart/../../Wks_libToCoNet/libToCoNet/lib/libToCoNetExt_JN5164.a(AES_CCM.o)
                0x0008ad8c                _bAES_CCM_DecodeKey
 .text.bAES_CCM_EncodeKey
                0x0008adf7       0x5c /cygdrive/c/TWESDK/Wks_ToCoNet/App_Uart/../../Wks_libToCoNet/libToCoNet/lib/libToCoNetExt_JN5164.a(AES_CCM.o)
                0x0008adf7                _bAES_CCM_EncodeKey
 .text.EEP_6x_bRead
                0x0008ae53       0x48 /cygdrive/c/TWESDK/Wks_ToCoNet/App_Uart/../../Wks_libToCoNet/libToCoNet/lib/libToCoNetExt_JN5164.a(eeprom_6x.o)
                0x0008ae53                _EEP_6x_bRead
 .text.EEP_6x_bWrite
                0x0008ae9b       0x7b /cygdrive/c/TWESDK/Wks_ToCoNet/App_Uart/../../Wks_libToCoNet/libToCoNet/lib/libToCoNetExt_JN5164.a(eeprom_6x.o)
                0x0008ae9b                _EEP_6x_bWrite
 .text.vInstallNoAckHandler
                0x0008af16       0x2a /cygdrive/c/TWESDK/Wks_ToCoNet/App_Uart/../../Wks_libToCoNet/libToCoNet/lib/libToCoNetExt_JN5164.a(no_ack_handler.o)
                0x0008af16                _vInstallNoAckHandler
 .text.vHandlerPatch
                0x0008af40       0x38 /cygdrive/c/TWESDK/Wks_ToCoNet/App_Uart/../../Wks_libToCoNet/libToCoNet/lib/libToCoNetExt_JN5164.a(no_ack_handler.o)
 .text.bAHI_ReadIndexSectorPage
                0x0008af78       0x4a /cygdrive/c/TWESDK/Wks_ToCoNet/App_Uart/../../Wks_libToCoNet/libToCoNet/lib/libToCoNetExt_JN5164.a(AHI_FlashIndexSector.o)
                0x0008af78                _bAHI_ReadIndexSectorPage
 .text.bAHI_ReadUserData
                0x0008afc2       0x2a /cygdrive/c/TWESDK/Wks_ToCoNet/App_Uart/../../Wks_libToCoNet/libToCoNet/lib/libToCoNetExt_JN5164.a(AHI_FlashIndexSector.o)
                0x0008afc2                _bAHI_ReadUserData
 .text.bAHI_ReadIndexSectorBit
                0x0008afec       0x39 /cygdrive/c/TWESDK/Wks_ToCoNet/App_Uart/../../Wks_libToCoNet/libToCoNet/lib/libToCoNetExt_JN5164.a(AHI_FlashIndexSector.o)
                0x0008afec                _bAHI_ReadIndexSectorBit
 .text.u32AHI_ReadIndexSectorBits
                0x0008b025       0x37 /cygdrive/c/TWESDK/Wks_ToCoNet/App_Uart/../../Wks_libToCoNet/libToCoNet/lib/libToCoNetExt_JN5164.a(AHI_FlashIndexSector.o)
                0x0008b025                _u32AHI_ReadIndexSectorBits
 .text.bAHI_ReadCustomerSettings
                0x0008b05c       0x9b /cygdrive/c/TWESDK/Wks_ToCoNet/App_Uart/../../Wks_libToCoNet/libToCoNet/lib/libToCoNetExt_JN5164.a(AHI_FlashIndexSector.o)
                0x0008b05c                _bAHI_ReadCustomerSettings
 .text.bAHI_ReadMACID
                0x0008b0f7       0x46 /cygdrive/c/TWESDK/Wks_ToCoNet/App_Uart/../../Wks_libToCoNet/libToCoNet/lib/libToCoNetExt_JN5164.a(AHI_FlashIndexSector.o)
                0x0008b0f7                _bAHI_ReadMACID
 .text.bPDM_InitialiseEEPROM
                0x0008b13d       0x4d /cygdrive/c/TWESDK/Wks_ToCoNet/App_Uart/../../Wks_libToCoNet/libToCoNet/lib/libToCoNetExt_JN5164.a(PDM_EEPROM.o)
                0x0008b13d                _bPDM_InitialiseEEPROM
 .text.vPDM_WriteEEPROMfixSegmentData
                0x0008b18a       0x3e /cygdrive/c/TWESDK/Wks_ToCoNet/App_Uart/../../Wks_libToCoNet/libToCoNet/lib/libToCoNetExt_JN5164.a(PDM_EEPROM.o)
                0x0008b18a                _vPDM_WriteEEPROMfixSegmentData
 .text.SERIAL_bTxQueueEmpty
                0x0008b1c8       0x18 /cygdrive/c/TWESDK/Wks_ToCoNet/App_Uart/../../Wks_libToCoNet/libToCoNet/lib/libToCoNetUtils_JN5164.a(serial.o)
                0x0008b1c8                _SERIAL_bTxQueueEmpty
 .text.SERIAL_bRxQueueEmpty
                0x0008b1e0       0x18 /cygdrive/c/TWESDK/Wks_ToCoNet/App_Uart/../../Wks_libToCoNet/libToCoNet/lib/libToCoNetUtils_JN5164.a(serial.o)
                0x0008b1e0                _SERIAL_bRxQueueEmpty
 .text.SERIAL_vTxReady
                0x0008b1f8       0x36 /cygdrive/c/TWESDK/Wks_ToCoNet/App_Uart/../../Wks_libToCoNet/libToCoNet/lib/libToCoNetUtils_JN5164.a(serial.o)
                0x0008b1f8                _SERIAL_vTxReady
 .text.SERIAL_i16RxChar
                0x0008b22e       0x4c /cygdrive/c/TWESDK/Wks_ToCoNet/App_Uart/../../Wks_libToCoNet/libToCoNet/lib/libToCoNetUtils_JN5164.a(serial.o)
                0x0008b22e                _SERIAL_i16RxChar
 .text.SERIAL_bTxChar
                0x0008b27a       0x73 /cygdrive/c/TWESDK/Wks_ToCoNet/App_Uart/../../Wks_libToCoNet/libToCoNet/lib/libToCoNetUtils_JN5164.a(serial.o)
                0x0008b27a                _SERIAL_bTxChar
 .text.SERIAL_vInitEx
                0x0008b2ed       0x90 /cygdrive/c/TWESDK/Wks_ToCoNet/App_Uart/../../Wks_libToCoNet/libToCoNet/lib/libToCoNetUtils_JN5164.a(serial.o)
                0x0008b2ed                _SERIAL_vInitEx
 .text.vRxChar  0x0008b37d       0x3e /cygdrive/c/TWESDK/Wks_ToCoNet/App_Uart/../../Wks_libToCoNet/libToCoNet/lib/libToCoNetUtils_JN5164.a(serial.o)
 .text.UART_vSetTxInterrupt
                0x0008b3bb       0x1a /cygdrive/c/TWESDK/Wks_ToCoNet/App_Uart/../../Wks_libToCoNet/libToCoNet/lib/libToCoNetUtils_JN5164.a(uart.o)
                0x0008b3bb                _UART_vSetTxInterrupt
 .text.UART_bTxReady
                0x0008b3d5        0xf /cygdrive/c/TWESDK/Wks_ToCoNet/App_Uart/../../Wks_libToCoNet/libToCoNet/lib/libToCoNetUtils_JN5164.a(uart.o)
                0x0008b3d5                _UART_bTxReady
 .text.UART_vTxChar
                0x0008b3e4        0x6 /cygdrive/c/TWESDK/Wks_ToCoNet/App_Uart/../../Wks_libToCoNet/libToCoNet/lib/libToCoNetUtils_JN5164.a(uart.o)
                0x0008b3e4                _UART_vTxChar
 .text.UART_vRtsStartFlow
                0x0008b3ea       0x22 /cygdrive/c/TWESDK/Wks_ToCoNet/App_Uart/../../Wks_libToCoNet/libToCoNet/lib/libToCoNetUtils_JN5164.a(uart.o)
                0x0008b3ea                _UART_vRtsStartFlow
 .text.UART_vRtsStopFlow
                0x0008b40c       0x22 /cygdrive/c/TWESDK/Wks_ToCoNet/App_Uart/../../Wks_libToCoNet/libToCoNet/lib/libToCoNetUtils_JN5164.a(uart.o)
                0x0008b40c                _UART_vRtsStopFlow
 .text.UART_vInit
                0x0008b42e      0x1c3 /cygdrive/c/TWESDK/Wks_ToCoNet/App_Uart/../../Wks_libToCoNet/libToCoNet/lib/libToCoNetUtils_JN5164.a(uart.o)
                0x0008b42e                _UART_vInit
 .text.UART_vHandleUartInterrupt
                0x0008b5f1       0x8e /cygdrive/c/TWESDK/Wks_ToCoNet/App_Uart/../../Wks_libToCoNet/libToCoNet/lib/libToCoNetUtils_JN5164.a(uart.o)
 .text.QUEUE__vInit
                0x0008b67f       0x12 /cygdrive/c/TWESDK/Wks_ToCoNet/App_Uart/../../Wks_libToCoNet/libToCoNet/lib/libToCoNetUtils_JN5164.a(ByteQueue.o)
                0x0008b67f                _QUEUE__vInit
 .text.QUEUE__bEmpty
                0x0008b691        0xe /cygdrive/c/TWESDK/Wks_ToCoNet/App_Uart/../../Wks_libToCoNet/libToCoNet/lib/libToCoNetUtils_JN5164.a(ByteQueue.o)
                0x0008b691                _QUEUE__bEmpty
 .text.QUEUE__bFull
                0x0008b69f       0x11 /cygdrive/c/TWESDK/Wks_ToCoNet/App_Uart/../../Wks_libToCoNet/libToCoNet/lib/libToCoNetUtils_JN5164.a(ByteQueue.o)
                0x0008b69f                _QUEUE__bFull
 .text.QUEUE__u16Count
                0x0008b6b0        0x6 /cygdrive/c/TWESDK/Wks_ToCoNet/App_Uart/../../Wks_libToCoNet/libToCoNet/lib/libToCoNetUtils_JN5164.a(ByteQueue.o)
                0x0008b6b0                _QUEUE__u16Count
 .text.QUEUE__vFlush
                0x0008b6b6       0x26 /cygdrive/c/TWESDK/Wks_ToCoNet/App_Uart/../../Wks_libToCoNet/libToCoNet/lib/libToCoNetUtils_JN5164.a(ByteQueue.o)
                0x0008b6b6                _QUEUE__vFlush
 .text.QUEUE__u8RemoveItem
                0x0008b6dc       0x66 /cygdrive/c/TWESDK/Wks_ToCoNet/App_Uart/../../Wks_libToCoNet/libToCoNet/lib/libToCoNetUtils_JN5164.a(ByteQueue.o)
                0x0008b6dc                _QUEUE__u8RemoveItem
 .text.QUEUE__vAddItem
                0x0008b742       0x66 /cygdrive/c/TWESDK/Wks_ToCoNet/App_Uart/../../Wks_libToCoNet/libToCoNet/lib/libToCoNetUtils_JN5164.a(ByteQueue.o)
                0x0008b742                _QUEUE__vAddItem
 .text.u8CCITT8
                0x0008b7a8       0x23 /cygdrive/c/TWESDK/Wks_ToCoNet/App_Uart/../../Wks_libToCoNet/libToCoNet/lib/libToCoNetUtils_JN5164.a(ccitt8.o)
                0x0008b7a8                _u8CCITT8
 .text.vPrintString
                0x0008b7cb       0x7d /cygdrive/c/TWESDK/Wks_ToCoNet/App_Uart/../../Wks_libToCoNet/libToCoNet/lib/libToCoNetUtils_JN5164.a(fprintf.o)
 .text.vPrintInteger
                0x0008b848       0xac /cygdrive/c/TWESDK/Wks_ToCoNet/App_Uart/../../Wks_libToCoNet/libToCoNet/lib/libToCoNetUtils_JN5164.a(fprintf.o)
 .text.vfPrintf
                0x0008b8f4      0x1d4 /cygdrive/c/TWESDK/Wks_ToCoNet/App_Uart/../../Wks_libToCoNet/libToCoNet/lib/libToCoNetUtils_JN5164.a(fprintf.o)
                0x0008b8f4                _vfPrintf
 .text.u32string2hex
                0x0008bac8       0x5e /cygdrive/c/TWESDK/Wks_ToCoNet/App_Uart/../../Wks_libToCoNet/libToCoNet/lib/libToCoNetUtils_JN5164.a(sprintf.o)
                0x0008bac8                _u32string2hex
 .text.u32string2dec
                0x0008bb26       0x61 /cygdrive/c/TWESDK/Wks_ToCoNet/App_Uart/../../Wks_libToCoNet/libToCoNet/lib/libToCoNetUtils_JN5164.a(sprintf.o)
                0x0008bb26                _u32string2dec
 .text.vWait    0x0008bb87       0x19 /cygdrive/c/TWESDK/Wks_ToCoNet/App_Uart/../../Wks_libToCoNet/libToCoNet/lib/libToCoNetUtils_JN5164.a(utils.o)
                0x0008bb87                _vWait
 .text.vTimerStop
                0x0008bba0       0x39 /cygdrive/c/TWESDK/Wks_ToCoNet/App_Uart/../../Wks_libToCoNet/libToCoNet/lib/libToCoNetUtils_JN5164.a(utils.o)
                0x0008bba0                _vTimerStop
 .text.vTimerStart
                0x0008bbd9       0xa7 /cygdrive/c/TWESDK/Wks_ToCoNet/App_Uart/../../Wks_libToCoNet/libToCoNet/lib/libToCoNetUtils_JN5164.a(utils.o)
                0x0008bbd9                _vTimerStart
 .text.vTimerConfig
                0x0008bc80      0x190 /cygdrive/c/TWESDK/Wks_ToCoNet/App_Uart/../../Wks_libToCoNet/libToCoNet/lib/libToCoNetUtils_JN5164.a(utils.o)
                0x0008bc80                _vTimerConfig
 .text.bBTM_GetState
                0x0008be10       0x51 /cygdrive/c/TWESDK/Wks_ToCoNet/App_Uart/../../Wks_libToCoNet/libToCoNet/lib/libToCoNetUtils_JN5164.a(btnMgr.o)
                0x0008be10                _bBTM_GetState
 .text.vBTM_Enable
                0x0008be61       0x24 /cygdrive/c/TWESDK/Wks_ToCoNet/App_Uart/../../Wks_libToCoNet/libToCoNet/lib/libToCoNetUtils_JN5164.a(btnMgr.o)
                0x0008be61                _vBTM_Enable
 .text.vBTM_Init_Common
                0x0008be85       0x3a /cygdrive/c/TWESDK/Wks_ToCoNet/App_Uart/../../Wks_libToCoNet/libToCoNet/lib/libToCoNetUtils_JN5164.a(btnMgr.o)
 .text.prBTM_InitExternal
                0x0008bebf       0x74 /cygdrive/c/TWESDK/Wks_ToCoNet/App_Uart/../../Wks_libToCoNet/libToCoNet/lib/libToCoNetUtils_JN5164.a(btnMgr.o)
                0x0008bebf                _prBTM_InitExternal
 .text.vBTM_TimerISR
                0x0008bf33      0x138 /cygdrive/c/TWESDK/Wks_ToCoNet/App_Uart/../../Wks_libToCoNet/libToCoNet/lib/libToCoNetUtils_JN5164.a(btnMgr.o)
 .text.vBTM_ISR
                0x0008c06b       0x37 /cygdrive/c/TWESDK/Wks_ToCoNet/App_Uart/../../Wks_libToCoNet/libToCoNet/lib/libToCoNetUtils_JN5164.a(btnMgr.o)
 .text.pvAppApiDefGetMacHandle
                0x0008c0a2        0x9 /cygdrive/c/TWESDK/516x/Components/Library/libAppApi_JN516x.a(AppApi.o)
                0x0008c0a2                _pvAppApiDefGetMacHandle
 .text.vAppApiDefSetPrbsSeed
                0x0008c0ab       0x24 /cygdrive/c/TWESDK/516x/Components/Library/libAppApi_JN516x.a(AppApi.o)
                0x0008c0ab                _vAppApiDefSetPrbsSeed
 .text.pvAppApiDefGetMacAddrLocation
                0x0008c0cf        0x9 /cygdrive/c/TWESDK/516x/Components/Library/libAppApi_JN516x.a(AppApi.o)
                0x0008c0cf                _pvAppApiDefGetMacAddrLocation
 .text.vAppApiDefSetInterrupts
                0x0008c0d8       0x3d /cygdrive/c/TWESDK/516x/Components/Library/libAppApi_JN516x.a(AppApi.o)
                0x0008c0d8                _vAppApiDefSetInterrupts
 .text.vAppApiDefPowerUp
                0x0008c115       0x26 /cygdrive/c/TWESDK/516x/Components/Library/libAppApi_JN516x.a(AppApi.o)
                0x0008c115                _vAppApiDefPowerUp
 .text.vAppApiDefStartStack
                0x0008c13b       0x51 /cygdrive/c/TWESDK/516x/Components/Library/libAppApi_JN516x.a(AppApi.o)
                0x0008c13b                _vAppApiDefStartStack
 .text.u32AppApiDefInit
                0x0008c18c       0x5a /cygdrive/c/TWESDK/516x/Components/Library/libAppApi_JN516x.a(AppApi.o)
                0x0008c18c                _u32AppApiDefInit
 .text.eAppApiDefPlmeGet
                0x0008c1e6       0x33 /cygdrive/c/TWESDK/516x/Components/Library/libAppApi_JN516x.a(AppApi.o)
                0x0008c1e6                _eAppApiDefPlmeGet
 .text.vAppApiDefMcpsRequest
                0x0008c219       0x32 /cygdrive/c/TWESDK/516x/Components/Library/libAppApi_JN516x.a(AppApi.o)
                0x0008c219                _vAppApiDefMcpsRequest
 .text.vAppApiDefMlmeRequest
                0x0008c24b       0x32 /cygdrive/c/TWESDK/516x/Components/Library/libAppApi_JN516x.a(AppApi.o)
                0x0008c24b                _vAppApiDefMlmeRequest
 .text.eAppApiDefPlmeSet
                0x0008c27d       0x33 /cygdrive/c/TWESDK/516x/Components/Library/libAppApi_JN516x.a(AppApi.o)
                0x0008c27d                _eAppApiDefPlmeSet
 .text.vAppApiDefSaveMacSettings
                0x0008c2b0       0x5d /cygdrive/c/TWESDK/516x/Components/Library/libAppApi_JN516x.a(AppApiSleep.o)
                0x0008c2b0                _vAppApiDefSaveMacSettings
 .text.vMAC_RestoreSettings
                0x0008c30d       0xc8 /cygdrive/c/TWESDK/516x/Components/Library/libAppApi_JN516x.a(AppApiSleep.o)
                0x0008c30d                _vMAC_RestoreSettings
 .text.vAppApiDefRestoreMacSettings
                0x0008c3d5       0x25 /cygdrive/c/TWESDK/516x/Components/Library/libAppApi_JN516x.a(AppApiSleep.o)
                0x0008c3d5                _vAppApiDefRestoreMacSettings
 .text.vSetTimer0
                0x0008c3fa        0xf /cygdrive/c/TWESDK/516x/Components/Library/libMac_JN516x.a(mac_main.o)
                0x0008c3fa                _vSetTimer0
 .text.u32GetTimer0
                0x0008c409        0x7 /cygdrive/c/TWESDK/516x/Components/Library/libMac_JN516x.a(mac_main.o)
                0x0008c409                _u32GetTimer0
 .text.MAC_vXcvPhyEvtHandler
                0x0008c410       0x10 /cygdrive/c/TWESDK/516x/Components/Library/libMac_JN516x.a(mac_main.o)
                0x0008c410                _MAC_vXcvPhyEvtHandler
 .text.MAC_vXcvBbcEvtHandler
                0x0008c420       0x20 /cygdrive/c/TWESDK/516x/Components/Library/libMac_JN516x.a(mac_main.o)
                0x0008c420                _MAC_vXcvBbcEvtHandler
 .text.mac_vInitTimer0
                0x0008c440       0x20 /cygdrive/c/TWESDK/516x/Components/Library/libMac_JN516x.a(mac_main.o)
                0x0008c440                _mac_vInitTimer0
 .text.MAC_pvCtor
                0x0008c460       0x82 /cygdrive/c/TWESDK/516x/Components/Library/libMac_JN516x.a(mac_main.o)
                0x0008c460                _MAC_pvCtor
 .text.MAC_vHandleMcpsReqRsp
                0x0008c4e2       0x2d /cygdrive/c/TWESDK/516x/Components/Library/libMac_JN516x.a(mac_mcps.o)
                0x0008c4e2                _MAC_vHandleMcpsReqRsp
 .text.vHandleTofRequest
                0x0008c50f       0x12 /cygdrive/c/TWESDK/516x/Components/Library/libMac_JN516x.a(mac_mlme.o)
 *fill*         0x0008c521        0x3 00
 .text.MAC_vHandleMlmeReqRsp
                0x0008c524       0xb4 /cygdrive/c/TWESDK/516x/Components/Library/libMac_JN516x.a(mac_mlme.o)
                0x0008c524                _MAC_vHandleMlmeReqRsp
 .text.MAC_psPibGetHandle
                0x0008c5d8        0x7 /cygdrive/c/TWESDK/516x/Components/Library/libMac_JN516x.a(mac_pib.o)
                0x0008c5d8                _MAC_psPibGetHandle
 .text.MAC_vPibSetShortAddr
                0x0008c5df        0xe /cygdrive/c/TWESDK/516x/Components/Library/libMac_JN516x.a(mac_pib.o)
                0x0008c5df                _MAC_vPibSetShortAddr
 .text.MAC_vPibSetPanId
                0x0008c5ed       0x1b /cygdrive/c/TWESDK/516x/Components/Library/libMac_JN516x.a(mac_pib.o)
                0x0008c5ed                _MAC_vPibSetPanId
 .text.MAC_vPibSetMinBe
                0x0008c608       0x1e /cygdrive/c/TWESDK/516x/Components/Library/libMac_JN516x.a(mac_pib.o)
                0x0008c608                _MAC_vPibSetMinBe
 .text.MAC_vPibSetMaxCsmaBackoffs
                0x0008c626       0x21 /cygdrive/c/TWESDK/516x/Components/Library/libMac_JN516x.a(mac_pib.o)
                0x0008c626                _MAC_vPibSetMaxCsmaBackoffs
 .text.MAC_vSetExtAddr
                0x0008c647       0x1f /cygdrive/c/TWESDK/516x/Components/Library/libMac_JN516x.a(mac_pib.o)
                0x0008c647                _MAC_vSetExtAddr
 .text.MAC_vPibSetRxOnWhenIdle
                0x0008c666       0x13 /cygdrive/c/TWESDK/516x/Components/Library/libMac_JN516x.a(mac_pib.o)
                0x0008c666                _MAC_vPibSetRxOnWhenIdle
 .text.MAC_vPibSetPromiscuousMode
                0x0008c679       0x40 /cygdrive/c/TWESDK/516x/Components/Library/libMac_JN516x.a(mac_pib.o)
                0x0008c679                _MAC_vPibSetPromiscuousMode
 .text.mac_vPibCmpCoordExtAddr
                0x0008c6b9       0x29 /cygdrive/c/TWESDK/516x/Components/Library/libMac_JN516x.a(mac_pib_mlme.o)
                0x0008c6b9                _mac_vPibCmpCoordExtAddr
 .text.mac_vPibReset
                0x0008c6e2       0x87 /cygdrive/c/TWESDK/516x/Components/Library/libMac_JN516x.a(mac_pib_mlme.o)
                0x0008c6e2                _mac_vPibReset
 .text.mac_vPibSetDefaults
                0x0008c769      0x12e /cygdrive/c/TWESDK/516x/Components/Library/libMac_JN516x.a(mac_pib_mlme.o)
                0x0008c769                _mac_vPibSetDefaults
 .text.vPMICreset
                0x0008c897        0xd /cygdrive/c/TWESDK/516x/Components/Library/libMac_JN516x.a(mac_pmic.o)
                0x0008c897                _vPMICreset
 .text.vPMICpostFailedAssocDcfm
                0x0008c8a4       0x3d /cygdrive/c/TWESDK/516x/Components/Library/libMac_JN516x.a(mac_pmic.o)
                0x0008c8a4                _vPMICpostFailedAssocDcfm
 .text.vPMICassocReqTO_2
                0x0008c8e1       0x1d /cygdrive/c/TWESDK/516x/Components/Library/libMac_JN516x.a(mac_pmic.o)
 .text.vPMICassocReqFrameReceived
                0x0008c8fe       0x79 /cygdrive/c/TWESDK/516x/Components/Library/libMac_JN516x.a(mac_pmic.o)
                0x0008c8fe                _vPMICassocReqFrameReceived
 .text.vPMICdisassocReceived
                0x0008c977       0x93 /cygdrive/c/TWESDK/516x/Components/Library/libMac_JN516x.a(mac_pmic.o)
                0x0008c977                _vPMICdisassocReceived
 .text.vPMICassocRespFrameReceived
                0x0008ca0a       0x93 /cygdrive/c/TWESDK/516x/Components/Library/libMac_JN516x.a(mac_pmic.o)
                0x0008ca0a                _vPMICassocRespFrameReceived
 .text.vPMICassocReqTO_1
                0x0008ca9d       0x8c /cygdrive/c/TWESDK/516x/Components/Library/libMac_JN516x.a(mac_pmic.o)
 .text.vPMICdisassociateRequest
                0x0008cb29       0xf4 /cygdrive/c/TWESDK/516x/Components/Library/libMac_JN516x.a(mac_pmic.o)
                0x0008cb29                _vPMICdisassociateRequest
 .text.bPMICdisassocReqSent
                0x0008cc1d       0x83 /cygdrive/c/TWESDK/516x/Components/Library/libMac_JN516x.a(mac_pmic.o)
 .text.vPMICassociateResponse
                0x0008cca0       0xd9 /cygdrive/c/TWESDK/516x/Components/Library/libMac_JN516x.a(mac_pmic.o)
                0x0008cca0                _vPMICassociateResponse
 .text.bAssocRespSent
                0x0008cd79       0x1d /cygdrive/c/TWESDK/516x/Components/Library/libMac_JN516x.a(mac_pmic.o)
 .text.vPMICassociateRequest
                0x0008cd96       0xe6 /cygdrive/c/TWESDK/516x/Components/Library/libMac_JN516x.a(mac_pmic.o)
                0x0008cd96                _vPMICassociateRequest
 .text.bPMICassocReqPollSent
                0x0008ce7c       0x5b /cygdrive/c/TWESDK/516x/Components/Library/libMac_JN516x.a(mac_pmic.o)
 .text.bPMICassocReqSent
                0x0008ced7       0x8d /cygdrive/c/TWESDK/516x/Components/Library/libMac_JN516x.a(mac_pmic.o)
 .text.MAC_vRegisterMlmeDcfmIndCallbacks
                0x0008cf64        0xc /cygdrive/c/TWESDK/516x/Components/Library/libMac_JN516x.a(mac_ind.o)
                0x0008cf64                _MAC_vRegisterMlmeDcfmIndCallbacks
 .text.MAC_vRegisterMcpsDcfmIndCallbacks
                0x0008cf70        0xc /cygdrive/c/TWESDK/516x/Components/Library/libMac_JN516x.a(mac_ind.o)
                0x0008cf70                _MAC_vRegisterMcpsDcfmIndCallbacks
 .text.mac_psDcfmIndGetBuf
                0x0008cf7c       0x23 /cygdrive/c/TWESDK/516x/Components/Library/libMac_JN516x.a(mac_ind.o)
                0x0008cf7c                _mac_psDcfmIndGetBuf
 .text.mac_eDcfmIndPost
                0x0008cf9f       0x21 /cygdrive/c/TWESDK/516x/Components/Library/libMac_JN516x.a(mac_ind.o)
                0x0008cf9f                _mac_eDcfmIndPost
 .text.eScanHandleEvt
                0x0008cfc0       0x2e /cygdrive/c/TWESDK/516x/Components/Library/libMac_JN516x.a(mac_scan.o)
                0x0008cfc0                _eScanHandleEvt
 .text.vScanHandleTimer
                0x0008cfee        0x8 /cygdrive/c/TWESDK/516x/Components/Library/libMac_JN516x.a(mac_scan.o)
 .text.eGenlIllegal
                0x0008cff6        0x7 /cygdrive/c/TWESDK/516x/Components/Library/libMac_JN516x.a(mac_scan.o)
 .text.eGenlDontCare
                0x0008cffd        0x5 /cygdrive/c/TWESDK/516x/Components/Library/libMac_JN516x.a(mac_scan.o)
 .text.eWEnDEdDone
                0x0008d002       0x64 /cygdrive/c/TWESDK/516x/Components/Library/libMac_JN516x.a(mac_scan.o)
 .text.eWEnDTmrExpiry
                0x0008d066        0xb /cygdrive/c/TWESDK/516x/Components/Library/libMac_JN516x.a(mac_scan.o)
 .text.mac_eScanHandleXcvBbcEvt
                0x0008d071        0xf /cygdrive/c/TWESDK/516x/Components/Library/libMac_JN516x.a(mac_scan.o)
                0x0008d071                _mac_eScanHandleXcvBbcEvt
 .text.mac_eScanHandleXcvPhyEvt
                0x0008d080       0x12 /cygdrive/c/TWESDK/516x/Components/Library/libMac_JN516x.a(mac_scan.o)
                0x0008d080                _mac_eScanHandleXcvPhyEvt
 .text.vSetNextChannel
                0x0008d092       0x4a /cygdrive/c/TWESDK/516x/Components/Library/libMac_JN516x.a(mac_scan.o)
 .text.mac_vScanHandleMlmeReq
                0x0008d0dc       0x98 /cygdrive/c/TWESDK/516x/Components/Library/libMac_JN516x.a(mac_scan.o)
                0x0008d0dc                _mac_vScanHandleMlmeReq
 .text.mac_eScanInit
                0x0008d174       0x19 /cygdrive/c/TWESDK/516x/Components/Library/libMac_JN516x.a(mac_scan.o)
                0x0008d174                _mac_eScanInit
 .text.vPostDcfm
                0x0008d18d       0xe9 /cygdrive/c/TWESDK/516x/Components/Library/libMac_JN516x.a(mac_scan.o)
 .text.eWCoRRxDone
                0x0008d276       0xb7 /cygdrive/c/TWESDK/516x/Components/Library/libMac_JN516x.a(mac_scan.o)
 .text.eGenTmrExpiry
                0x0008d32d       0x4b /cygdrive/c/TWESDK/516x/Components/Library/libMac_JN516x.a(mac_scan.o)
 .text.eWEDTEdDone
                0x0008d378       0x1a /cygdrive/c/TWESDK/516x/Components/Library/libMac_JN516x.a(mac_scan.o)
 .text.eGenRxHdrDone
                0x0008d392       0x13 /cygdrive/c/TWESDK/516x/Components/Library/libMac_JN516x.a(mac_scan.o)
 .text.eWONTTxDone
                0x0008d3a5       0x35 /cygdrive/c/TWESDK/516x/Components/Library/libMac_JN516x.a(mac_scan.o)
 .text.eWBRTTxDone
                0x0008d3da       0x21 /cygdrive/c/TWESDK/516x/Components/Library/libMac_JN516x.a(mac_scan.o)
 .text.eWBcnRxDone
                0x0008d3fb      0x19e /cygdrive/c/TWESDK/516x/Components/Library/libMac_JN516x.a(mac_scan.o)
 .text.bSendMacCmd
                0x0008d599       0x40 /cygdrive/c/TWESDK/516x/Components/Library/libMac_JN516x.a(mac_scan.o)
 .text.eWChCChanChgd
                0x0008d5d9      0x170 /cygdrive/c/TWESDK/516x/Components/Library/libMac_JN516x.a(mac_scan.o)
 .text.mac_vLPBAdjustBeaconOffset
                0x0008d749       0x5d /cygdrive/c/TWESDK/516x/Components/Library/libMac_JN516x.a(mac_lp.o)
                0x0008d749                _mac_vLPBAdjustBeaconOffset
 .text.mac_u32LPBGetBeaconTimeout
                0x0008d7a6        0x9 /cygdrive/c/TWESDK/516x/Components/Library/libMac_JN516x.a(mac_lp.o)
                0x0008d7a6                _mac_u32LPBGetBeaconTimeout
 .text.MAC_u32ConvertFrom16uS
                0x0008d7af       0x41 /cygdrive/c/TWESDK/516x/Components/Library/libMac_JN516x.a(mac_lp.o)
                0x0008d7af                _MAC_u32ConvertFrom16uS
 .text.mac_vLPBSleep
                0x0008d7f0       0x55 /cygdrive/c/TWESDK/516x/Components/Library/libMac_JN516x.a(mac_lp.o)
                0x0008d7f0                _mac_vLPBSleep
 .text.mac_vLPBStopTimer
                0x0008d845        0xe /cygdrive/c/TWESDK/516x/Components/Library/libMac_JN516x.a(mac_lp.o)
                0x0008d845                _mac_vLPBStopTimer
 .text.mac_vLPBStartTimer
                0x0008d853       0x88 /cygdrive/c/TWESDK/516x/Components/Library/libMac_JN516x.a(mac_lp.o)
                0x0008d853                _mac_vLPBStartTimer
 .text.vMCPSframeReceived
                0x0008d8db       0x5a /cygdrive/c/TWESDK/516x/Components/Library/libMac_JN516x.a(MCPS.o)
                0x0008d8db                _vMCPSframeReceived
 .text.bSearchQueue
                0x0008d935       0x36 /cygdrive/c/TWESDK/516x/Components/Library/libMac_JN516x.a(MCPS.o)
 .text.vTAM_MCPSpurgeRequest
                0x0008d96b       0x64 /cygdrive/c/TWESDK/516x/Components/Library/libMac_JN516x.a(MCPS.o)
                0x0008d96b                _vTAM_MCPSpurgeRequest
 .text.bMCPSframeTXcomplete
                0x0008d9cf       0x5a /cygdrive/c/TWESDK/516x/Components/Library/libMac_JN516x.a(MCPS.o)
 .text.vTAM_MCPSdataRequest
                0x0008da29       0x46 /cygdrive/c/TWESDK/516x/Components/Library/libMac_JN516x.a(MCPS.o)
                0x0008da29                _vTAM_MCPSdataRequest
 .text.phy_ePibGet
                0x0008da6f       0x34 /cygdrive/c/TWESDK/516x/Components/Library/libMac_JN516x.a(phy_pib.o)
                0x0008da6f                _phy_ePibGet
 .text.u8GetPapValue
                0x0008daa3       0x21 /cygdrive/c/TWESDK/516x/Components/Library/libMac_JN516x.a(phy_pib.o)
 .text.vPhySetChannel
                0x0008dac4       0x77 /cygdrive/c/TWESDK/516x/Components/Library/libMac_JN516x.a(phy_pib.o)
                0x0008dac4                _vPhySetChannel
 .text.phy_ePibSet
                0x0008db3b       0x90 /cygdrive/c/TWESDK/516x/Components/Library/libMac_JN516x.a(phy_pib.o)
                0x0008db3b                _phy_ePibSet
 .text.phy_vPibSetDefaults
                0x0008dbcb       0x2c /cygdrive/c/TWESDK/516x/Components/Library/libMac_JN516x.a(phy_pib.o)
                0x0008dbcb                _phy_vPibSetDefaults
 .text.bTAMinPAN
                0x0008dbf7       0x19 /cygdrive/c/TWESDK/516x/Components/Library/libMac_JN516x.a(TAM.o)
                0x0008dbf7                _bTAMinPAN
 .text.eTAMevent
                0x0008dc10       0x1a /cygdrive/c/TWESDK/516x/Components/Library/libMac_JN516x.a(TAM.o)
                0x0008dc10                _eTAMevent
 *fill*         0x0008dc2a        0x2 00
 .text.eTAMselect
                0x0008dc2c      0x154 /cygdrive/c/TWESDK/516x/Components/Library/libMac_JN516x.a(TAM.o)
                0x0008dc2c                _eTAMselect
 .text.vTAM_MLMEsyncRequest
                0x0008dd80       0x17 /cygdrive/c/TWESDK/516x/Components/Library/libMac_JN516x.a(TAM.o)
                0x0008dd80                _vTAM_MLMEsyncRequest
 .text.vTAM_MLMEstartRequest
                0x0008dd97       0x87 /cygdrive/c/TWESDK/516x/Components/Library/libMac_JN516x.a(TAM.o)
                0x0008dd97                _vTAM_MLMEstartRequest
 .text.vTAMreset
                0x0008de1e      0x1f6 /cygdrive/c/TWESDK/516x/Components/Library/libMac_JN516x.a(TAM.o)
                0x0008de1e                _vTAMreset
 .text.vTAMCOsetCoordinator
                0x0008e014       0x29 /cygdrive/c/TWESDK/516x/Components/Library/libMac_JN516x.a(TAMCO.o)
                0x0008e014                _vTAMCOsetCoordinator
 .text.vTAMCOupdatePendingList
                0x0008e03d       0xbb /cygdrive/c/TWESDK/516x/Components/Library/libMac_JN516x.a(TAMCO.o)
                0x0008e03d                _vTAMCOupdatePendingList
 .text.vTAMCOreqTXinCAP
                0x0008e0f8       0x2f /cygdrive/c/TWESDK/516x/Components/Library/libMac_JN516x.a(TAMCO.o)
                0x0008e0f8                _vTAMCOreqTXinCAP
 .text.vTrySendFromDirectNoBeacon
                0x0008e127       0x38 /cygdrive/c/TWESDK/516x/Components/Library/libMac_JN516x.a(TAMCO.o)
 .text.vTAMCOreqTXnoBeacon
                0x0008e15f       0x18 /cygdrive/c/TWESDK/516x/Components/Library/libMac_JN516x.a(TAMCO.o)
                0x0008e15f                _vTAMCOreqTXnoBeacon
 .text.vTAMCOframeRXnobeacon
                0x0008e177       0x18 /cygdrive/c/TWESDK/516x/Components/Library/libMac_JN516x.a(TAMCO.o)
                0x0008e177                _vTAMCOframeRXnobeacon
 .text.vTAMCOframeTXnobeacon
                0x0008e18f       0x1e /cygdrive/c/TWESDK/516x/Components/Library/libMac_JN516x.a(TAMCO.o)
                0x0008e18f                _vTAMCOframeTXnobeacon
 .text.vTrySendFromDirectCAP
                0x0008e1ad       0x25 /cygdrive/c/TWESDK/516x/Components/Library/libMac_JN516x.a(TAMCO.o)
 .text.vTAMCOframeRXcap
                0x0008e1d2       0x18 /cygdrive/c/TWESDK/516x/Components/Library/libMac_JN516x.a(TAMCO.o)
                0x0008e1d2                _vTAMCOframeRXcap
 .text.vTAMCOframeRXgoingIdle
                0x0008e1ea       0x1c /cygdrive/c/TWESDK/516x/Components/Library/libMac_JN516x.a(TAMCO.o)
                0x0008e1ea                _vTAMCOframeRXgoingIdle
 .text.vTAMCOframeTXcap
                0x0008e206       0x30 /cygdrive/c/TWESDK/516x/Components/Library/libMac_JN516x.a(TAMCO.o)
                0x0008e206                _vTAMCOframeTXcap
 .text.vTAMCOframeTXgoingIdle
                0x0008e236       0x1b /cygdrive/c/TWESDK/516x/Components/Library/libMac_JN516x.a(TAMCO.o)
                0x0008e236                _vTAMCOframeTXgoingIdle
 .text.vTAMCOint2Fired
                0x0008e251       0x22 /cygdrive/c/TWESDK/516x/Components/Library/libMac_JN516x.a(TAMCO.o)
                0x0008e251                _vTAMCOint2Fired
 .text.vTAMCOframeTXbeacon
                0x0008e273       0xc9 /cygdrive/c/TWESDK/516x/Components/Library/libMac_JN516x.a(TAMCO.o)
                0x0008e273                _vTAMCOframeTXbeacon
 .text.vTAMCOint1Fired
                0x0008e33c       0xef /cygdrive/c/TWESDK/516x/Components/Library/libMac_JN516x.a(TAMCO.o)
                0x0008e33c                _vTAMCOint1Fired
 .text.vTAMCOint1FiredCAP
                0x0008e42b       0x7f /cygdrive/c/TWESDK/516x/Components/Library/libMac_JN516x.a(TAMCO.o)
                0x0008e42b                _vTAMCOint1FiredCAP
 .text.vTAMCOstartBeacon
                0x0008e4aa       0x41 /cygdrive/c/TWESDK/516x/Components/Library/libMac_JN516x.a(TAMCO.o)
                0x0008e4aa                _vTAMCOstartBeacon
 .text.vStartStoreValues
                0x0008e4eb       0xbc /cygdrive/c/TWESDK/516x/Components/Library/libMac_JN516x.a(TAMCO.o)
 .text.bStartCallback
                0x0008e5a7       0x2f /cygdrive/c/TWESDK/516x/Components/Library/libMac_JN516x.a(TAMCO.o)
 .text.vTAMCO_MLMEstartRequest
                0x0008e5d6      0x11e /cygdrive/c/TWESDK/516x/Components/Library/libMac_JN516x.a(TAMCO.o)
                0x0008e5d6                _vTAMCO_MLMEstartRequest
 .text.vTAMCOframeStarting
                0x0008e6f4       0x1e /cygdrive/c/TWESDK/516x/Components/Library/libMac_JN516x.a(TAMCO.o)
                0x0008e6f4                _vTAMCOframeStarting
 .text.vTAMDEdetermineNullState
                0x0008e712       0x1d /cygdrive/c/TWESDK/516x/Components/Library/libMac_JN516x.a(TAMDE.o)
                0x0008e712                _vTAMDEdetermineNullState
 .text.vSetPHYfromMacValue
                0x0008e72f       0x45 /cygdrive/c/TWESDK/516x/Components/Library/libMac_JN516x.a(TAMDE.o)
 .text.vTAMDEint1FiredWaitDR
                0x0008e774       0x20 /cygdrive/c/TWESDK/516x/Components/Library/libMac_JN516x.a(TAMDE.o)
                0x0008e774                _vTAMDEint1FiredWaitDR
 .text.vTAMDEstartSync
                0x0008e794       0x86 /cygdrive/c/TWESDK/516x/Components/Library/libMac_JN516x.a(TAMDE.o)
                0x0008e794                _vTAMDEstartSync
 .text.vTAMDE_MLMEsyncRequest
                0x0008e81a       0x30 /cygdrive/c/TWESDK/516x/Components/Library/libMac_JN516x.a(TAMDE.o)
                0x0008e81a                _vTAMDE_MLMEsyncRequest
 .text.vTrySendUnslotted
                0x0008e84a       0x23 /cygdrive/c/TWESDK/516x/Components/Library/libMac_JN516x.a(TAMDE.o)
 .text.vDeterminePowerState
                0x0008e86d       0x98 /cygdrive/c/TWESDK/516x/Components/Library/libMac_JN516x.a(TAMDE.o)
 .text.vTAMDEreqTXnullTrackingCAP
                0x0008e905       0x1c /cygdrive/c/TWESDK/516x/Components/Library/libMac_JN516x.a(TAMDE.o)
                0x0008e905                _vTAMDEreqTXnullTrackingCAP
 .text.vTAMDEint2FiredTrackingDR
                0x0008e921       0x2b /cygdrive/c/TWESDK/516x/Components/Library/libMac_JN516x.a(TAMDE.o)
                0x0008e921                _vTAMDEint2FiredTrackingDR
 .text.vTAMDEframeTXDEnull
                0x0008e94c       0x28 /cygdrive/c/TWESDK/516x/Components/Library/libMac_JN516x.a(TAMDE.o)
                0x0008e94c                _vTAMDEframeTXDEnull
 .text.vTAMDEframeTXtrackingCAPgts
                0x0008e974       0x34 /cygdrive/c/TWESDK/516x/Components/Library/libMac_JN516x.a(TAMDE.o)
                0x0008e974                _vTAMDEframeTXtrackingCAPgts
 .text.vTAMDEframeRX
                0x0008e9a8       0x30 /cygdrive/c/TWESDK/516x/Components/Library/libMac_JN516x.a(TAMDE.o)
                0x0008e9a8                _vTAMDEframeRX
 .text.vTAMDEframePreSyncReq
                0x0008e9d8       0x21 /cygdrive/c/TWESDK/516x/Components/Library/libMac_JN516x.a(TAMDE.o)
                0x0008e9d8                _vTAMDEframePreSyncReq
 .text.bSendDataRequest
                0x0008e9f9      0x113 /cygdrive/c/TWESDK/516x/Components/Library/libMac_JN516x.a(TAMDE.o)
 .text.vTAMDEframeRXtrackingDR
                0x0008eb0c       0x47 /cygdrive/c/TWESDK/516x/Components/Library/libMac_JN516x.a(TAMDE.o)
                0x0008eb0c                _vTAMDEframeRXtrackingDR
 .text.vTAMDEint2FiredPollActive
                0x0008eb53       0x34 /cygdrive/c/TWESDK/516x/Components/Library/libMac_JN516x.a(TAMDE.o)
                0x0008eb53                _vTAMDEint2FiredPollActive
 .text.vTAMDEframeTXtrackingDR
                0x0008eb87       0x6b /cygdrive/c/TWESDK/516x/Components/Library/libMac_JN516x.a(TAMDE.o)
                0x0008eb87                _vTAMDEframeTXtrackingDR
 .text.vTAMDEint1FiredTracking
                0x0008ebf2       0x6f /cygdrive/c/TWESDK/516x/Components/Library/libMac_JN516x.a(TAMDE.o)
                0x0008ebf2                _vTAMDEint1FiredTracking
 .text.vTAMDEint1FiredTrackingCAPgts
                0x0008ec61       0xca /cygdrive/c/TWESDK/516x/Components/Library/libMac_JN516x.a(TAMDE.o)
                0x0008ec61                _vTAMDEint1FiredTrackingCAPgts
 .text.vTAMDEint1FiredTrackingBeacon
                0x0008ed2b       0xa7 /cygdrive/c/TWESDK/516x/Components/Library/libMac_JN516x.a(TAMDE.o)
                0x0008ed2b                _vTAMDEint1FiredTrackingBeacon
 .text.bProcessBeaconRX
                0x0008edd2       0xe6 /cygdrive/c/TWESDK/516x/Components/Library/libMac_JN516x.a(TAMDE.o)
 .text.vTAMDEframeRXsyncReq
                0x0008eeb8      0x26c /cygdrive/c/TWESDK/516x/Components/Library/libMac_JN516x.a(TAMDE.o)
                0x0008eeb8                _vTAMDEframeRXsyncReq
 .text.vTAMDEint1FiredSyncReq
                0x0008f124       0x7b /cygdrive/c/TWESDK/516x/Components/Library/libMac_JN516x.a(TAMDE.o)
                0x0008f124                _vTAMDEint1FiredSyncReq
 .text.pvMEMget
                0x0008f19f       0x27 /cygdrive/c/TWESDK/516x/Components/Library/libMac_JN516x.a(TAM_MEM.o)
                0x0008f19f                _pvMEMget
 .text.vMEMreturn
                0x0008f1c6       0x6a /cygdrive/c/TWESDK/516x/Components/Library/libMac_JN516x.a(TAM_MEM.o)
                0x0008f1c6                _vMEMreturn
 .text.vMEMreset
                0x0008f230       0x70 /cygdrive/c/TWESDK/516x/Components/Library/libMac_JN516x.a(TAM_MEM.o)
                0x0008f230                _vMEMreset
 .text.vMLMErxEnableConfirm
                0x0008f2a0       0x37 /cygdrive/c/TWESDK/516x/Components/Library/libMac_JN516x.a(TAM_MLME.o)
                0x0008f2a0                _vMLMErxEnableConfirm
 .text.vMLMEcommStatus
                0x0008f2d7       0x6e /cygdrive/c/TWESDK/516x/Components/Library/libMac_JN516x.a(TAM_MLME.o)
                0x0008f2d7                _vMLMEcommStatus
 .text.vMLMEcommStatusFromFrame
                0x0008f345       0x47 /cygdrive/c/TWESDK/516x/Components/Library/libMac_JN516x.a(TAM_MLME.o)
                0x0008f345                _vMLMEcommStatusFromFrame
 .text.vMLMEsyncLoss
                0x0008f38c       0x38 /cygdrive/c/TWESDK/516x/Components/Library/libMac_JN516x.a(TAM_MLME.o)
                0x0008f38c                _vMLMEsyncLoss
 .text.vMLMEbeaconNotify
                0x0008f3c4      0x17c /cygdrive/c/TWESDK/516x/Components/Library/libMac_JN516x.a(TAM_MLME.o)
                0x0008f3c4                _vMLMEbeaconNotify
 .text.vTAHsetCutOff
                0x0008f540        0xa /cygdrive/c/TWESDK/516x/Components/Library/libMac_JN516x.a(TAM_TAH.o)
                0x0008f540                _vTAHsetCutOff
 .text.vTAHsetSyncLock
                0x0008f54a       0x18 /cygdrive/c/TWESDK/516x/Components/Library/libMac_JN516x.a(TAM_TAH.o)
                0x0008f54a                _vTAHsetSyncLock
 .text.vTAHsetPhyStateDirect
                0x0008f562       0x33 /cygdrive/c/TWESDK/516x/Components/Library/libMac_JN516x.a(TAM_TAH.o)
                0x0008f562                _vTAHsetPhyStateDirect
 .text.vTAHsetPhyState
                0x0008f595       0x35 /cygdrive/c/TWESDK/516x/Components/Library/libMac_JN516x.a(TAM_TAH.o)
                0x0008f595                _vTAHsetPhyState
 .text.vTAIdisableInterrupt
                0x0008f5ca       0x10 /cygdrive/c/TWESDK/516x/Components/Library/libMac_JN516x.a(TAM_TAI.o)
                0x0008f5ca                _vTAIdisableInterrupt
 .text.vTAIsetRxEnableTime
                0x0008f5da       0x1d /cygdrive/c/TWESDK/516x/Components/Library/libMac_JN516x.a(TAM_TAI.o)
                0x0008f5da                _vTAIsetRxEnableTime
 .text.vTAIsetCapTime
                0x0008f5f7       0x1d /cygdrive/c/TWESDK/516x/Components/Library/libMac_JN516x.a(TAM_TAI.o)
                0x0008f5f7                _vTAIsetCapTime
 .text.eTATreadTXstatus
                0x0008f614       0x46 /cygdrive/c/TWESDK/516x/Components/Library/libMac_JN516x.a(TAM_TAT.o)
                0x0008f614                _eTATreadTXstatus
 .text.vTATgetFrameAddress
                0x0008f65a       0x20 /cygdrive/c/TWESDK/516x/Components/Library/libMac_JN516x.a(TAM_TAT.o)
                0x0008f65a                _vTATgetFrameAddress
 .text.vTATgetFramePayload
                0x0008f67a       0x1d /cygdrive/c/TWESDK/516x/Components/Library/libMac_JN516x.a(TAM_TAT.o)
                0x0008f67a                _vTATgetFramePayload
 .text.vTATsetBLE
                0x0008f697       0x3e /cygdrive/c/TWESDK/516x/Components/Library/libMac_JN516x.a(TAM_TAT.o)
                0x0008f697                _vTATsetBLE
 .text.vTATwriteAclMaterialToHardware
                0x0008f6d5       0x2c /cygdrive/c/TWESDK/516x/Components/Library/libMac_JN516x.a(TAM_TAT.o)
                0x0008f6d5                _vTATwriteAclMaterialToHardware
 .text.bIsBbcSafeForTx
                0x0008f701       0x2d /cygdrive/c/TWESDK/516x/Components/Library/libMac_JN516x.a(TAM_TAT.o)
                0x0008f701                _bIsBbcSafeForTx
 .text.vTATstartReceiveAt
                0x0008f72e       0x1e /cygdrive/c/TWESDK/516x/Components/Library/libMac_JN516x.a(TAM_TAT.o)
                0x0008f72e                _vTATstartReceiveAt
 .text.vWriteFrame
                0x0008f74c       0x7d /cygdrive/c/TWESDK/516x/Components/Library/libMac_JN516x.a(TAM_TAT.o)
 .text.bTATsendFrame
                0x0008f7c9       0x5a /cygdrive/c/TWESDK/516x/Components/Library/libMac_JN516x.a(TAM_TAT.o)
                0x0008f7c9                _bTATsendFrame
 .text.bTATsendFrameAt
                0x0008f823       0x48 /cygdrive/c/TWESDK/516x/Components/Library/libMac_JN516x.a(TAM_TAT.o)
                0x0008f823                _bTATsendFrameAt
 .text.bTACassessBeaconForPayload
                0x0008f86b       0x4c /cygdrive/c/TWESDK/516x/Components/Library/libMac_JN516x.a(TAMcommon.o)
                0x0008f86b                _bTACassessBeaconForPayload
 .text.bTACframeInProgress
                0x0008f8b7       0x27 /cygdrive/c/TWESDK/516x/Components/Library/libMac_JN516x.a(TAMcommon.o)
                0x0008f8b7                _bTACframeInProgress
 .text.vTACu16ToPayloadM
                0x0008f8de        0xc /cygdrive/c/TWESDK/516x/Components/Library/libMac_JN516x.a(TAMcommon.o)
                0x0008f8de                _vTACu16ToPayloadM
 .text.vTACu32ToPayloadM
                0x0008f8ea       0x18 /cygdrive/c/TWESDK/516x/Components/Library/libMac_JN516x.a(TAMcommon.o)
                0x0008f8ea                _vTACu32ToPayloadM
 .text.u16TACpayloadToU16M
                0x0008f902        0xf /cygdrive/c/TWESDK/516x/Components/Library/libMac_JN516x.a(TAMcommon.o)
                0x0008f902                _u16TACpayloadToU16M
 .text.u32TACpayloadToU32M
                0x0008f911       0x23 /cygdrive/c/TWESDK/516x/Components/Library/libMac_JN516x.a(TAMcommon.o)
                0x0008f911                _u32TACpayloadToU32M
 .text.u8TACgetHeaderSize
                0x0008f934       0x26 /cygdrive/c/TWESDK/516x/Components/Library/libMac_JN516x.a(TAMcommon.o)
                0x0008f934                _u8TACgetHeaderSize
 .text.vTACsetTxFrameDefaults
                0x0008f95a       0x2a /cygdrive/c/TWESDK/516x/Components/Library/libMac_JN516x.a(TAMcommon.o)
                0x0008f95a                _vTACsetTxFrameDefaults
 .text.vTACcheckPollResponse
                0x0008f984       0x37 /cygdrive/c/TWESDK/516x/Components/Library/libMac_JN516x.a(TAMcommon.o)
                0x0008f984                _vTACcheckPollResponse
 .text.bUpdateTime
                0x0008f9bb       0x46 /cygdrive/c/TWESDK/516x/Components/Library/libMac_JN516x.a(TAMcommon.o)
 .text.vTACbuildBeacon
                0x0008fa01      0x257 /cygdrive/c/TWESDK/516x/Components/Library/libMac_JN516x.a(TAMcommon.o)
                0x0008fa01                _vTACbuildBeacon
 .text.vTACsetFramePending
                0x0008fc58       0x3f /cygdrive/c/TWESDK/516x/Components/Library/libMac_JN516x.a(TAMcommon.o)